Archive member included to satisfy reference by file (symbol)

app/libapp.a(main.c.obj)      (--whole-archive)
zephyr/libzephyr.a(soc_nrf_common.S.obj)
                              (--whole-archive)
zephyr/libzephyr.a(assert.c.obj)
                              (--whole-archive)
zephyr/libzephyr.a(bitarray.c.obj)
                              (--whole-archive)
zephyr/libzephyr.a(cbprintf.c.obj)
                              (--whole-archive)
zephyr/libzephyr.a(cbprintf_complete.c.obj)
                              (--whole-archive)
zephyr/libzephyr.a(cbprintf_packaged.c.obj)
                              (--whole-archive)
zephyr/libzephyr.a(configs.c.obj)
                              (--whole-archive)
zephyr/libzephyr.a(constraint.c.obj)
                              (--whole-archive)
zephyr/libzephyr.a(crc16_sw.c.obj)
                              (--whole-archive)
zephyr/libzephyr.a(crc32_sw.c.obj)
                              (--whole-archive)
zephyr/libzephyr.a(crc32c_sw.c.obj)
                              (--whole-archive)
zephyr/libzephyr.a(crc7_sw.c.obj)
                              (--whole-archive)
zephyr/libzephyr.a(crc8_sw.c.obj)
                              (--whole-archive)
zephyr/libzephyr.a(dec.c.obj)
                              (--whole-archive)
zephyr/libzephyr.a(fdtable.c.obj)
                              (--whole-archive)
zephyr/libzephyr.a(heap-validate.c.obj)
                              (--whole-archive)
zephyr/libzephyr.a(heap.c.obj)
                              (--whole-archive)
zephyr/libzephyr.a(hex.c.obj)
                              (--whole-archive)
zephyr/libzephyr.a(multi_heap.c.obj)
                              (--whole-archive)
zephyr/libzephyr.a(notify.c.obj)
                              (--whole-archive)
zephyr/libzephyr.a(nrf_cc3xx_platform_abort_zephyr.c.obj)
                              (--whole-archive)
zephyr/libzephyr.a(nrf_cc3xx_platform_mutex_zephyr.c.obj)
                              (--whole-archive)
zephyr/libzephyr.a(onoff.c.obj)
                              (--whole-archive)
zephyr/libzephyr.a(pm.c.obj)  (--whole-archive)
zephyr/libzephyr.a(printk.c.obj)
                              (--whole-archive)
zephyr/libzephyr.a(rb.c.obj)  (--whole-archive)
zephyr/libzephyr.a(reboot.c.obj)
                              (--whole-archive)
zephyr/libzephyr.a(residency.c.obj)
                              (--whole-archive)
zephyr/libzephyr.a(sem.c.obj)
                              (--whole-archive)
zephyr/libzephyr.a(thread_entry.c.obj)
                              (--whole-archive)
zephyr/libzephyr.a(timeutil.c.obj)
                              (--whole-archive)
zephyr/libzephyr.a(tracing_none.c.obj)
                              (--whole-archive)
zephyr/libzephyr.a(validate_base_addresses.c.obj)
                              (--whole-archive)
zephyr/libzephyr.a(validate_enabled_instances.c.obj)
                              (--whole-archive)
zephyr/arch/common/libarch__common.a(sw_isr_common.c.obj)
                              (--whole-archive)
zephyr/arch/arch/arm/core/aarch32/libarch__arm__core__aarch32.a(cpu_idle.S.obj)
                              (--whole-archive)
zephyr/arch/arch/arm/core/aarch32/libarch__arm__core__aarch32.a(isr_wrapper.S.obj)
                              (--whole-archive)
zephyr/arch/arch/arm/core/aarch32/libarch__arm__core__aarch32.a(nmi_on_reset.S.obj)
                              (--whole-archive)
zephyr/arch/arch/arm/core/aarch32/libarch__arm__core__aarch32.a(swap_helper.S.obj)
                              (--whole-archive)
zephyr/arch/arch/arm/core/aarch32/libarch__arm__core__aarch32.a(fatal.c.obj)
                              (--whole-archive)
zephyr/arch/arch/arm/core/aarch32/libarch__arm__core__aarch32.a(irq_manage.c.obj)
                              (--whole-archive)
zephyr/arch/arch/arm/core/aarch32/libarch__arm__core__aarch32.a(nmi.c.obj)
                              (--whole-archive)
zephyr/arch/arch/arm/core/aarch32/libarch__arm__core__aarch32.a(prep_c.c.obj)
                              (--whole-archive)
zephyr/arch/arch/arm/core/aarch32/libarch__arm__core__aarch32.a(swap.c.obj)
                              (--whole-archive)
zephyr/arch/arch/arm/core/aarch32/libarch__arm__core__aarch32.a(thread.c.obj)
                              (--whole-archive)
zephyr/arch/arch/arm/core/aarch32/cortex_m/libarch__arm__core__aarch32__cortex_m.a(exc_exit.S.obj)
                              (--whole-archive)
zephyr/arch/arch/arm/core/aarch32/cortex_m/libarch__arm__core__aarch32__cortex_m.a(fault_s.S.obj)
                              (--whole-archive)
zephyr/arch/arch/arm/core/aarch32/cortex_m/libarch__arm__core__aarch32__cortex_m.a(reset.S.obj)
                              (--whole-archive)
zephyr/arch/arch/arm/core/aarch32/cortex_m/libarch__arm__core__aarch32__cortex_m.a(vector_table.S.obj)
[...]
Memory Configuration

Name             Origin             Length             Attributes
FLASH            0x00000000         0x00100000         xr
SRAM             0x20000000         0x00040000         xw
IDT_LIST         0xfffff7ff         0x00000800         xw
*default*        0x00000000         0xffffffff

Linker script and memory map

LOAD zephyr/CMakeFiles/zephyr_pre1.dir/dev_handles.c.obj
LOAD zephyr/CMakeFiles/zephyr_pre1.dir/misc/empty_file.c.obj
                0x00000020                _region_min_align = 0x20

.rel.plt        0x00000000        0x0
 *(SORT_BY_ALIGNMENT(.rel.plt))
                [!provide]                PROVIDE (__rel_iplt_start = .)
 *(SORT_BY_ALIGNMENT(.rel.iplt))
 .rel.iplt      0x00000000        0x0 zephyr/CMakeFiles/zephyr_pre1.dir/dev_handles.c.obj
                [!provide]                PROVIDE (__rel_iplt_end = .)

.rela.plt       0x00000000        0x0
 *(SORT_BY_ALIGNMENT(.rela.plt))
                [!provide]                PROVIDE (__rela_iplt_start = .)
 *(SORT_BY_ALIGNMENT(.rela.iplt))
                [!provide]                PROVIDE (__rela_iplt_end = .)

.rel.dyn
 *(SORT_BY_ALIGNMENT(.rel.*))

.rela.dyn
 *(SORT_BY_ALIGNMENT(.rela.*))

/DISCARD/
 *(SORT_BY_ALIGNMENT(.plt))
 *(SORT_BY_ALIGNMENT(.iplt))
 *(SORT_BY_ALIGNMENT(.got.plt))
 *(SORT_BY_ALIGNMENT(.igot.plt))
 *(SORT_BY_ALIGNMENT(.got))
 *(SORT_BY_ALIGNMENT(.igot))
 *(SORT_BY_ALIGNMENT(.note.GNU-stack))
                0x00000000                __rom_region_start = 0x0

rom_start       0x00000000      0x100
                0x00000000                . = 0x0
                0x00000000                . = ALIGN (0x4)
                0x00000000                . = ALIGN (0x80)
                0x00000000                . = ALIGN (0x100)
                0x00000000                _vector_start = .
 *(SORT_BY_ALIGNMENT(.exc_vector_table))
 *(SORT_BY_ALIGNMENT(.exc_vector_table.*))
 .exc_vector_table._vector_table_section
                0x00000000       0x40 zephyr/arch/arch/arm/core/aarch32/cortex_m/libarch__arm__core__aarch32__cortex_m.a(vector_table.S.obj)
                0x00000000                _vector_table
 *(SORT_BY_ALIGNMENT(.gnu.linkonce.irq_vector_table*))
 .gnu.linkonce.irq_vector_table
                0x00000040       0xc0 zephyr/arch/common/libisr_tables.a(isr_tables.c.obj)
                0x00000040                _irq_vector_table
 *(SORT_BY_ALIGNMENT(.vectors))
                0x00000100                _vector_end = .

text            0x00000100     0x9f4c
                0x00000100                __text_region_start = .
 *(SORT_BY_ALIGNMENT(.text))
 .text          0x00000100      0x168 d:/toolchain/v1.9.1/toolchain/opt/bin/../lib/gcc/arm-none-eabi/9.2.1/thumb/v7e-m/nofp\libgcc.a(_arm_mulsf3.o)
                0x00000100                __aeabi_fmul
                0x00000100                __mulsf3
 .text          0x00000268      0x378 d:/toolchain/v1.9.1/toolchain/opt/bin/../lib/gcc/arm-none-eabi/9.2.1/thumb/v7e-m/nofp\libgcc.a(_arm_addsubdf3.o)
                0x00000268                __aeabi_drsub
                0x00000270                __aeabi_dsub
                0x00000270                __subdf3
                0x00000274                __aeabi_dadd
                0x00000274                __adddf3
                0x000004ec                __floatunsidf
                0x000004ec                __aeabi_ui2d
                0x0000050c                __floatsidf
                0x0000050c                __aeabi_i2d
                0x00000530                __aeabi_f2d
                0x00000530                __extendsfdf2
                0x00000574                __floatundidf
                0x00000574                __aeabi_ul2d
                0x00000584                __floatdidf
                0x00000584                __aeabi_l2d
 .text          0x000005e0      0x424 d:/toolchain/v1.9.1/toolchain/opt/bin/../lib/gcc/arm-none-eabi/9.2.1/thumb/v7e-m/nofp\libgcc.a(_arm_muldivdf3.o)
                0x000005e0                __aeabi_dmul
                0x000005e0                __muldf3
                0x00000834                __divdf3
                0x00000834                __aeabi_ddiv
 .text          0x00000a04       0x50 d:/toolchain/v1.9.1/toolchain/opt/bin/../lib/gcc/arm-none-eabi/9.2.1/thumb/v7e-m/nofp\libgcc.a(_arm_fixdfsi.o)
                0x00000a04                __aeabi_d2iz
                0x00000a04                __fixdfsi
 .text          0x00000a54      0x21c d:/toolchain/v1.9.1/toolchain/opt/bin/../lib/gcc/arm-none-eabi/9.2.1/thumb/v7e-m/nofp\libgcc.a(_arm_addsubsf3.o)
                0x00000a54                __aeabi_frsub
                0x00000a5c                __subsf3
                0x00000a5c                __aeabi_fsub
                0x00000a60                __aeabi_fadd
                0x00000a60                __addsf3
                0x00000bc0                __aeabi_ui2f
                0x00000bc0                __floatunsisf
                0x00000bc8                __aeabi_i2f
                0x00000bc8                __floatsisf
                0x00000be4                __aeabi_ul2f
                0x00000be4                __floatundisf
                0x00000bf4                __aeabi_l2f
                0x00000bf4                __floatdisf
 .text          0x00000c70       0x40 d:/toolchain/v1.9.1/toolchain/opt/bin/../lib/gcc/arm-none-eabi/9.2.1/thumb/v7e-m/nofp\libgcc.a(_arm_fixunssfsi.o)
                0x00000c70                __fixunssfsi
                0x00000c70                __aeabi_f2uiz
 .text          0x00000cb0       0x30 d:/toolchain/v1.9.1/toolchain/opt/bin/../lib/gcc/arm-none-eabi/9.2.1/thumb/v7e-m/nofp\libgcc.a(_aeabi_uldivmod.o)
                0x00000cb0                __aeabi_uldivmod
 .text          0x00000ce0      0x2c0 d:/toolchain/v1.9.1/toolchain/opt/bin/../lib/gcc/arm-none-eabi/9.2.1/thumb/v7e-m/nofp\libgcc.a(_udivmoddi4.o)
                0x00000ce0                __udivmoddi4
 .text          0x00000fa0        0x4 d:/toolchain/v1.9.1/toolchain/opt/bin/../lib/gcc/arm-none-eabi/9.2.1/thumb/v7e-m/nofp\libgcc.a(_dvmd_tls.o)
                0x00000fa0                __aeabi_idiv0
                0x00000fa0                __aeabi_ldiv0
 *(SORT_BY_ALIGNMENT(.text.*))
 *fill*         0x00000fa4        0x4 
 .text.thread_FILTRO_code
                0x00000fa8       0xec app/libapp.a(main.c.obj)
                0x00000fa8                thread_FILTRO_code
 .text.thread_ADC_code
                0x00001094      0x190 app/libapp.a(main.c.obj)
                0x00001094                thread_ADC_code
 .text.thread_PWM_code
                0x00001224       0xd0 app/libapp.a(main.c.obj)
                0x00001224                thread_PWM_code
 .text.main     0x000012f4       0xb4 app/libapp.a(main.c.obj)
                0x000012f4                main
 .text.cbvprintf
                0x000013a8      0x780 zephyr/libzephyr.a(cbprintf_complete.c.obj)
                0x000013a8                cbvprintf
 .text.sys_heap_free
                0x00001b28       0x98 zephyr/libzephyr.a(heap.c.obj)
                0x00001b28                sys_heap_free
 .text.sys_heap_aligned_alloc
                0x00001bc0      0x108 zephyr/libzephyr.a(heap.c.obj)
                0x00001bc0                sys_heap_aligned_alloc
 .text.sys_heap_init
                0x00001cc8      0x128 zephyr/libzephyr.a(heap.c.obj)
                0x00001cc8                sys_heap_init
 .text.sys_notify_finalize
                0x00001df0       0x60 zephyr/libzephyr.a(notify.c.obj)
                0x00001df0                sys_notify_finalize
 .text.nrf_cc3xx_platform_abort_init
                0x00001e50        0xc zephyr/libzephyr.a(nrf_cc3xx_platform_abort_zephyr.c.obj)
                0x00001e50                nrf_cc3xx_platform_abort_init
 .text.mutex_unlock_platform
                0x00001e5c       0x4c zephyr/libzephyr.a(nrf_cc3xx_platform_mutex_zephyr.c.obj)
 .text.mutex_free_platform
                0x00001ea8       0x48 zephyr/libzephyr.a(nrf_cc3xx_platform_mutex_zephyr.c.obj)
 .text.mutex_init_platform
                0x00001ef0       0x70 zephyr/libzephyr.a(nrf_cc3xx_platform_mutex_zephyr.c.obj)
 .text.mutex_lock_platform
                0x00001f60       0x58 zephyr/libzephyr.a(nrf_cc3xx_platform_mutex_zephyr.c.obj)
 .text.nrf_cc3xx_platform_mutex_init
                0x00001fb8       0x2c zephyr/libzephyr.a(nrf_cc3xx_platform_mutex_zephyr.c.obj)
                0x00001fb8                nrf_cc3xx_platform_mutex_init
 .text.process_event
                0x00001fe4      0x3f4 zephyr/libzephyr.a(onoff.c.obj)
 .text.transition_complete
                0x000023d8       0x64 zephyr/libzephyr.a(onoff.c.obj)
 .text.onoff_request
                0x0000243c      0x130 zephyr/libzephyr.a(onoff.c.obj)
                0x0000243c                onoff_request
 .text.pm_state_notify
                0x0000256c       0xcc zephyr/libzephyr.a(pm.c.obj)
 .text.atomic_test_and_set_bit.constprop.0
                0x00002638       0x38 zephyr/libzephyr.a(pm.c.obj)
 .text.pm_system_resume
                0x00002670       0x88 zephyr/libzephyr.a(pm.c.obj)
                0x00002670                pm_system_resume
 .text.pm_system_suspend
                0x000026f8      0x100 zephyr/libzephyr.a(pm.c.obj)
                0x000026f8                pm_system_suspend
 .text.char_out
                0x000027f8       0x10 zephyr/libzephyr.a(printk.c.obj)
 .text.__printk_hook_install
                0x00002808        0xc zephyr/libzephyr.a(printk.c.obj)
                0x00002808                __printk_hook_install
 .text.vprintk  0x00002814       0x1c zephyr/libzephyr.a(printk.c.obj)
                0x00002814                vprintk
 .text.sys_reboot
                0x00002830       0x28 zephyr/libzephyr.a(reboot.c.obj)
                0x00002830                sys_reboot
 .text.z_arm_cpu_idle_init
                0x00002858        0xc zephyr/arch/arch/arm/core/aarch32/libarch__arm__core__aarch32.a(cpu_idle.S.obj)
                0x00002858                z_arm_cpu_idle_init
 .text.arch_cpu_idle
                0x00002864       0x1c zephyr/arch/arch/arm/core/aarch32/libarch__arm__core__aarch32.a(cpu_idle.S.obj)
                0x00002864                arch_cpu_idle
 .text.arch_cpu_atomic_idle
                0x00002880       0x14 zephyr/arch/arch/arm/core/aarch32/libarch__arm__core__aarch32.a(cpu_idle.S.obj)
                0x00002880                arch_cpu_atomic_idle
 .text._isr_wrapper
                0x00002894       0x40 zephyr/arch/arch/arm/core/aarch32/libarch__arm__core__aarch32.a(isr_wrapper.S.obj)
                0x00002894                _isr_wrapper
 .text.z_SysNmiOnReset
                0x000028d4        0x8 zephyr/arch/arch/arm/core/aarch32/libarch__arm__core__aarch32.a(nmi_on_reset.S.obj)
                0x000028d4                z_SysNmiOnReset
 .text.z_arm_pendsv
                0x000028dc       0x54 zephyr/arch/arch/arm/core/aarch32/libarch__arm__core__aarch32.a(swap_helper.S.obj)
                0x000028dc                z_arm_pendsv
 .text.z_arm_svc
                0x00002930       0x20 zephyr/arch/arch/arm/core/aarch32/libarch__arm__core__aarch32.a(swap_helper.S.obj)
                0x00002930                z_arm_svc
 .text.arch_irq_enable
                0x00002950       0x20 zephyr/arch/arch/arm/core/aarch32/libarch__arm__core__aarch32.a(irq_manage.c.obj)
                0x00002950                arch_irq_enable
 .text.arch_irq_is_enabled
                0x00002970       0x1c zephyr/arch/arch/arm/core/aarch32/libarch__arm__core__aarch32.a(irq_manage.c.obj)
                0x00002970                arch_irq_is_enabled
 .text.z_arm_irq_priority_set
                0x0000298c       0x68 zephyr/arch/arch/arm/core/aarch32/libarch__arm__core__aarch32.a(irq_manage.c.obj)
                0x0000298c                z_arm_irq_priority_set
 .text.z_arm_prep_c
                0x000029f4       0x38 zephyr/arch/arch/arm/core/aarch32/libarch__arm__core__aarch32.a(prep_c.c.obj)
                0x000029f4                z_arm_prep_c
 .text.arch_swap
                0x00002a2c       0x34 zephyr/arch/arch/arm/core/aarch32/libarch__arm__core__aarch32.a(swap.c.obj)
                0x00002a2c                arch_swap
 .text.arch_new_thread
                0x00002a60       0x38 zephyr/arch/arch/arm/core/aarch32/libarch__arm__core__aarch32.a(thread.c.obj)
                0x00002a60                arch_new_thread
 .text.z_check_thread_stack_fail
                0x00002a98       0x34 zephyr/arch/arch/arm/core/aarch32/libarch__arm__core__aarch32.a(thread.c.obj)
                0x00002a98                z_check_thread_stack_fail
 .text.arch_switch_to_main_thread
                0x00002acc       0x2c zephyr/arch/arch/arm/core/aarch32/libarch__arm__core__aarch32.a(thread.c.obj)
                0x00002acc                arch_switch_to_main_thread
 .text._HandlerModeExit
                0x00002af8       0x1c zephyr/arch/arch/arm/core/aarch32/cortex_m/libarch__arm__core__aarch32__cortex_m.a(exc_exit.S.obj)
                0x00002af8                z_arm_int_exit
                0x00002af8                z_arm_exc_exit
 .text.__fault  0x00002b14       0x14 zephyr/arch/arch/arm/core/aarch32/cortex_m/libarch__arm__core__aarch32__cortex_m.a(fault_s.S.obj)
                0x00002b14                z_arm_usage_fault
                0x00002b14                z_arm_mpu_fault
                0x00002b14                z_arm_exc_spurious
                0x00002b14                z_arm_debug_monitor
                0x00002b14                z_arm_hard_fault
                0x00002b14                z_arm_bus_fault
 .text._reset_section
                0x00002b28       0x54 zephyr/arch/arch/arm/core/aarch32/cortex_m/libarch__arm__core__aarch32__cortex_m.a(reset.S.obj)
                0x00002b28                __start
                0x00002b28                z_arm_reset
 .text.mem_manage_fault
                0x00002b7c       0xa4 zephyr/arch/arch/arm/core/aarch32/cortex_m/libarch__arm__core__aarch32__cortex_m.a(fault.c.obj)
 .text.bus_fault.isra.0
                0x00002c20       0x3c zephyr/arch/arch/arm/core/aarch32/cortex_m/libarch__arm__core__aarch32__cortex_m.a(fault.c.obj)
 .text.usage_fault.isra.0
                0x00002c5c       0x24 zephyr/arch/arch/arm/core/aarch32/cortex_m/libarch__arm__core__aarch32__cortex_m.a(fault.c.obj)
 .text.z_arm_fault
                0x00002c80      0x17c zephyr/arch/arch/arm/core/aarch32/cortex_m/libarch__arm__core__aarch32__cortex_m.a(fault.c.obj)
                0x00002c80                z_arm_fault
 .text.z_arm_fault_init
                0x00002dfc       0x10 zephyr/arch/arch/arm/core/aarch32/cortex_m/libarch__arm__core__aarch32__cortex_m.a(fault.c.obj)
                0x00002dfc                z_arm_fault_init
 .text.z_arm_interrupt_init
                0x00002e0c       0x18 zephyr/arch/arch/arm/core/aarch32/cortex_m/libarch__arm__core__aarch32__cortex_m.a(irq_init.c.obj)
                0x00002e0c                z_arm_interrupt_init
 .text.z_arm_clear_arm_mpu_config
                0x00002e24       0x20 zephyr/arch/arch/arm/core/aarch32/cortex_m/libarch__arm__core__aarch32__cortex_m.a(scb.c.obj)
                0x00002e24                z_arm_clear_arm_mpu_config
 .text.z_arm_init_arch_hw_at_boot
                0x00002e44       0x64 zephyr/arch/arch/arm/core/aarch32/cortex_m/libarch__arm__core__aarch32__cortex_m.a(scb.c.obj)
                0x00002e44                z_arm_init_arch_hw_at_boot
 .text.z_impl_k_thread_abort
                0x00002ea8       0x24 zephyr/arch/arch/arm/core/aarch32/cortex_m/libarch__arm__core__aarch32__cortex_m.a(thread_abort.c.obj)
                0x00002ea8                z_impl_k_thread_abort
 .text.z_arm_configure_static_mpu_regions
                0x00002ecc       0x18 zephyr/arch/arch/arm/core/aarch32/mpu/libarch__arm__core__aarch32__mpu.a(arm_core_mpu.c.obj)
                0x00002ecc                z_arm_configure_static_mpu_regions
 .text.z_arm_configure_dynamic_mpu_regions
                0x00002ee4       0x20 zephyr/arch/arch/arm/core/aarch32/mpu/libarch__arm__core__aarch32__mpu.a(arm_core_mpu.c.obj)
                0x00002ee4                z_arm_configure_dynamic_mpu_regions
 .text.mpu_configure_regions
                0x00002f04       0x80 zephyr/arch/arch/arm/core/aarch32/mpu/libarch__arm__core__aarch32__mpu.a(arm_mpu.c.obj)
 .text.arm_core_mpu_enable
                0x00002f84       0x14 zephyr/arch/arch/arm/core/aarch32/mpu/libarch__arm__core__aarch32__mpu.a(arm_mpu.c.obj)
                0x00002f84                arm_core_mpu_enable
 .text.arm_core_mpu_disable
                0x00002f98       0x10 zephyr/arch/arch/arm/core/aarch32/mpu/libarch__arm__core__aarch32__mpu.a(arm_mpu.c.obj)
                0x00002f98                arm_core_mpu_disable
 .text.arm_core_mpu_configure_static_mpu_regions
                0x00002fa8       0x50 zephyr/arch/arch/arm/core/aarch32/mpu/libarch__arm__core__aarch32__mpu.a(arm_mpu.c.obj)
                0x00002fa8                arm_core_mpu_configure_static_mpu_regions
 .text.arm_core_mpu_configure_dynamic_mpu_regions
                0x00002ff8       0x64 zephyr/arch/arch/arm/core/aarch32/mpu/libarch__arm__core__aarch32__mpu.a(arm_mpu.c.obj)
                0x00002ff8                arm_core_mpu_configure_dynamic_mpu_regions
 .text.z_arm_mpu_init
                0x0000305c       0xbc zephyr/arch/arch/arm/core/aarch32/mpu/libarch__arm__core__aarch32__mpu.a(arm_mpu.c.obj)
                0x0000305c                z_arm_mpu_init
 .text.__stdout_hook_install
                0x00003118        0xc zephyr/lib/libc/minimal/liblib__libc__minimal.a(stdout_console.c.obj)
                0x00003118                __stdout_hook_install
 .text.nordicsemi_nrf52_init
                0x00003124       0x64 zephyr/soc/arm/nordic_nrf/nrf52/libsoc__arm__nordic_nrf__nrf52.a(soc.c.obj)
 .text.sys_arch_reboot
                0x00003188       0x2c zephyr/soc/arm/nordic_nrf/nrf52/libsoc__arm__nordic_nrf__nrf52.a(soc.c.obj)
                0x00003188                sys_arch_reboot
 .text.arch_busy_wait
                0x000031b4       0x14 zephyr/soc/arm/nordic_nrf/nrf52/libsoc__arm__nordic_nrf__nrf52.a(soc.c.obj)
                0x000031b4                arch_busy_wait
 .text.adc_context_start_sampling.isra.0
                0x000031c8       0x20 zephyr/drivers/adc/libdrivers__adc.a(adc_nrfx_saadc.c.obj)
 .text.adc_nrfx_channel_setup
                0x000031e8       0xd4 zephyr/drivers/adc/libdrivers__adc.a(adc_nrfx_saadc.c.obj)
 .text.start_read.isra.0
                0x000032bc      0x188 zephyr/drivers/adc/libdrivers__adc.a(adc_nrfx_saadc.c.obj)
 .text.adc_nrfx_read_async
                0x00003444       0x44 zephyr/drivers/adc/libdrivers__adc.a(adc_nrfx_saadc.c.obj)
 .text.init_saadc
                0x00003488       0x48 zephyr/drivers/adc/libdrivers__adc.a(adc_nrfx_saadc.c.obj)
 .text.saadc_irq_handler
                0x000034d0       0xf4 zephyr/drivers/adc/libdrivers__adc.a(adc_nrfx_saadc.c.obj)
 .text.adc_nrfx_read
                0x000035c4       0x40 zephyr/drivers/adc/libdrivers__adc.a(adc_nrfx_saadc.c.obj)
 .text.onoff_start
                0x00003604       0x54 zephyr/drivers/clock_control/libdrivers__clock_control.a(clock_control_nrf.c.obj)
 .text.get_status
                0x00003658       0x3c zephyr/drivers/clock_control/libdrivers__clock_control.a(clock_control_nrf.c.obj)
 .text.stop     0x00003694       0x7c zephyr/drivers/clock_control/libdrivers__clock_control.a(clock_control_nrf.c.obj)
 .text.onoff_stop
                0x00003710       0x28 zephyr/drivers/clock_control/libdrivers__clock_control.a(clock_control_nrf.c.obj)
 .text.clk_init
                0x00003738       0x60 zephyr/drivers/clock_control/libdrivers__clock_control.a(clock_control_nrf.c.obj)
 .text.clkstarted_handle.constprop.0
                0x00003798       0x34 zephyr/drivers/clock_control/libdrivers__clock_control.a(clock_control_nrf.c.obj)
 .text.clock_event_handler
                0x000037cc       0x60 zephyr/drivers/clock_control/libdrivers__clock_control.a(clock_control_nrf.c.obj)
 .text.generic_hfclk_start
                0x0000382c       0x64 zephyr/drivers/clock_control/libdrivers__clock_control.a(clock_control_nrf.c.obj)
 .text.generic_hfclk_stop
                0x00003890       0x2c zephyr/drivers/clock_control/libdrivers__clock_control.a(clock_control_nrf.c.obj)
 .text.api_blocking_start
                0x000038bc       0x3c zephyr/drivers/clock_control/libdrivers__clock_control.a(clock_control_nrf.c.obj)
 .text.z_nrf_clock_control_lf_on
                0x000038f8      0x158 zephyr/drivers/clock_control/libdrivers__clock_control.a(clock_control_nrf.c.obj)
                0x000038f8                z_nrf_clock_control_lf_on
 .text.uart_console_init
                0x00003a50       0x30 zephyr/drivers/console/libdrivers__console.a(uart_console.c.obj)
 .text.console_out
                0x00003a80       0x28 zephyr/drivers/console/libdrivers__console.a(uart_console.c.obj)
 .text.gpio_nrfx_manage_callback
                0x00003aa8       0xac zephyr/drivers/gpio/libdrivers__gpio.a(gpio_nrfx.c.obj)
 .text.nrfx_gpio_handler
                0x00003b54       0x98 zephyr/drivers/gpio/libdrivers__gpio.a(gpio_nrfx.c.obj)
 .text.gpio_nrfx_pin_interrupt_configure
                0x00003bec      0x130 zephyr/drivers/gpio/libdrivers__gpio.a(gpio_nrfx.c.obj)
 .text.gpio_nrfx_init
                0x00003d1c       0x38 zephyr/drivers/gpio/libdrivers__gpio.a(gpio_nrfx.c.obj)
 .text.gpio_nrfx_pin_configure
                0x00003d54      0x15c zephyr/drivers/gpio/libdrivers__gpio.a(gpio_nrfx.c.obj)
 .text.pwm_nrfx_get_cycles_per_sec
                0x00003eb0       0x10 zephyr/drivers/pwm/libdrivers__pwm.a(pwm_nrfx.c.obj)
 .text.pwm_nrfx_init
                0x00003ec0       0x44 zephyr/drivers/pwm/libdrivers__pwm.a(pwm_nrfx.c.obj)
 .text.nrf_gpio_pin_port_decode
                0x00003f04       0x84 zephyr/drivers/pwm/libdrivers__pwm.a(pwm_nrfx.c.obj)
 .text.uarte_nrfx_configure
                0x00003f88      0x164 zephyr/drivers/serial/libdrivers__serial.a(uart_nrfx_uarte.c.obj)
 .text.nrf_gpio_pin_port_decode
                0x000040ec       0x84 zephyr/drivers/serial/libdrivers__serial.a(uart_nrfx_uarte.c.obj)
 .text.uarte_nrfx_poll_out
                0x00004170       0xc4 zephyr/drivers/serial/libdrivers__serial.a(uart_nrfx_uarte.c.obj)
 .text.uarte_instance_init.isra.0
                0x00004234      0x198 zephyr/drivers/serial/libdrivers__serial.a(uart_nrfx_uarte.c.obj)
 .text.sys_clock_timeout_handler
                0x000043cc       0x78 zephyr/drivers/timer/libdrivers__timer.a(nrf_rtc_timer.c.obj)
 .text.compare_int_lock
                0x00004444       0x50 zephyr/drivers/timer/libdrivers__timer.a(nrf_rtc_timer.c.obj)
 .text.compare_int_unlock.part.0
                0x00004494       0x5c zephyr/drivers/timer/libdrivers__timer.a(nrf_rtc_timer.c.obj)
 .text.z_nrf_rtc_timer_read
                0x000044f0       0x44 zephyr/drivers/timer/libdrivers__timer.a(nrf_rtc_timer.c.obj)
                0x000044f0                z_nrf_rtc_timer_read
 .text.compare_set
                0x00004534      0x154 zephyr/drivers/timer/libdrivers__timer.a(nrf_rtc_timer.c.obj)
 .text.sys_clock_driver_init
                0x00004688       0x84 zephyr/drivers/timer/libdrivers__timer.a(nrf_rtc_timer.c.obj)
 .text.rtc_nrf_isr
                0x0000470c       0xf0 zephyr/drivers/timer/libdrivers__timer.a(nrf_rtc_timer.c.obj)
                0x0000470c                rtc_nrf_isr
 .text.sys_clock_set_timeout
                0x000047fc       0x60 zephyr/drivers/timer/libdrivers__timer.a(nrf_rtc_timer.c.obj)
                0x000047fc                sys_clock_set_timeout
 .text.sys_clock_elapsed
                0x0000485c       0x14 zephyr/drivers/timer/libdrivers__timer.a(nrf_rtc_timer.c.obj)
                0x0000485c                sys_clock_elapsed
 .text.nrf_clock_is_running.constprop.0
                0x00004870       0x68 modules/hal_nordic/nrfx/libmodules__hal_nordic__nrfx.a(nrfx_clock.c.obj)
 .text.nrfx_clock_init
                0x000048d8       0x48 modules/hal_nordic/nrfx/libmodules__hal_nordic__nrfx.a(nrfx_clock.c.obj)
                0x000048d8                nrfx_clock_init
 .text.nrfx_clock_enable
                0x00004920       0x40 modules/hal_nordic/nrfx/libmodules__hal_nordic__nrfx.a(nrfx_clock.c.obj)
                0x00004920                nrfx_clock_enable
 .text.nrfx_clock_start
                0x00004960       0xa8 modules/hal_nordic/nrfx/libmodules__hal_nordic__nrfx.a(nrfx_clock.c.obj)
                0x00004960                nrfx_clock_start
 .text.nrfx_clock_stop
                0x00004a08       0xdc modules/hal_nordic/nrfx/libmodules__hal_nordic__nrfx.a(nrfx_clock.c.obj)
                0x00004a08                nrfx_clock_stop
 .text.nrfx_power_clock_irq_handler
                0x00004ae4       0x68 modules/hal_nordic/nrfx/libmodules__hal_nordic__nrfx.a(nrfx_clock.c.obj)
                0x00004ae4                nrfx_power_clock_irq_handler
 .text.nrfx_flag32_alloc
                0x00004b4c       0x48 modules/hal_nordic/nrfx/libmodules__hal_nordic__nrfx.a(nrfx_flag32_allocator.c.obj)
                0x00004b4c                nrfx_flag32_alloc
 .text.nrfx_flag32_free
                0x00004b94       0x44 modules/hal_nordic/nrfx/libmodules__hal_nordic__nrfx.a(nrfx_flag32_allocator.c.obj)
                0x00004b94                nrfx_flag32_free
 .text.pin_is_task_output
                0x00004bd8       0x1c modules/hal_nordic/nrfx/libmodules__hal_nordic__nrfx.a(nrfx_gpiote.c.obj)
 .text.call_handler
                0x00004bf4       0x3c modules/hal_nordic/nrfx/libmodules__hal_nordic__nrfx.a(nrfx_gpiote.c.obj)
 .text.release_handler
                0x00004c30       0x80 modules/hal_nordic/nrfx/libmodules__hal_nordic__nrfx.a(nrfx_gpiote.c.obj)
 .text.pin_handler_trigger_uninit
                0x00004cb0       0x34 modules/hal_nordic/nrfx/libmodules__hal_nordic__nrfx.a(nrfx_gpiote.c.obj)
 .text.nrf_gpio_pin_port_decode
                0x00004ce4       0x6c modules/hal_nordic/nrfx/libmodules__hal_nordic__nrfx.a(nrfx_gpiote.c.obj)
 .text.nrfx_gpiote_input_configure
                0x00004d50      0x150 modules/hal_nordic/nrfx/libmodules__hal_nordic__nrfx.a(nrfx_gpiote.c.obj)
                0x00004d50                nrfx_gpiote_input_configure
 .text.nrfx_gpiote_output_configure
                0x00004ea0       0xe0 modules/hal_nordic/nrfx/libmodules__hal_nordic__nrfx.a(nrfx_gpiote.c.obj)
                0x00004ea0                nrfx_gpiote_output_configure
 .text.nrfx_gpiote_global_callback_set
                0x00004f80        0xc modules/hal_nordic/nrfx/libmodules__hal_nordic__nrfx.a(nrfx_gpiote.c.obj)
                0x00004f80                nrfx_gpiote_global_callback_set
 .text.nrfx_gpiote_channel_get
                0x00004f8c       0x50 modules/hal_nordic/nrfx/libmodules__hal_nordic__nrfx.a(nrfx_gpiote.c.obj)
                0x00004f8c                nrfx_gpiote_channel_get
 .text.nrfx_gpiote_init
                0x00004fdc       0x50 modules/hal_nordic/nrfx/libmodules__hal_nordic__nrfx.a(nrfx_gpiote.c.obj)
                0x00004fdc                nrfx_gpiote_init
 .text.nrfx_gpiote_is_init
                0x0000502c       0x14 modules/hal_nordic/nrfx/libmodules__hal_nordic__nrfx.a(nrfx_gpiote.c.obj)
                0x0000502c                nrfx_gpiote_is_init
 .text.nrfx_gpiote_channel_free
                0x00005040        0xc modules/hal_nordic/nrfx/libmodules__hal_nordic__nrfx.a(nrfx_gpiote.c.obj)
                0x00005040                nrfx_gpiote_channel_free
 .text.nrfx_gpiote_channel_alloc
                0x0000504c        0xc modules/hal_nordic/nrfx/libmodules__hal_nordic__nrfx.a(nrfx_gpiote.c.obj)
                0x0000504c                nrfx_gpiote_channel_alloc
 .text.nrfx_gpiote_trigger_enable
                0x00005058       0xe0 modules/hal_nordic/nrfx/libmodules__hal_nordic__nrfx.a(nrfx_gpiote.c.obj)
                0x00005058                nrfx_gpiote_trigger_enable
 .text.nrfx_gpiote_trigger_disable
                0x00005138       0x44 modules/hal_nordic/nrfx/libmodules__hal_nordic__nrfx.a(nrfx_gpiote.c.obj)
                0x00005138                nrfx_gpiote_trigger_disable
 .text.nrfx_gpiote_pin_uninit
                0x0000517c       0x48 modules/hal_nordic/nrfx/libmodules__hal_nordic__nrfx.a(nrfx_gpiote.c.obj)
                0x0000517c                nrfx_gpiote_pin_uninit
 .text.nrfx_gpiote_irq_handler
                0x000051c4      0x1b4 modules/hal_nordic/nrfx/libmodules__hal_nordic__nrfx.a(nrfx_gpiote.c.obj)
                0x000051c4                nrfx_gpiote_irq_handler
 .text.nrfx_ppi_channel_alloc
                0x00005378        0xc modules/hal_nordic/nrfx/libmodules__hal_nordic__nrfx.a(nrfx_ppi.c.obj)
                0x00005378                nrfx_ppi_channel_alloc
 .text.nrf_pwm_sequence_set
                0x00005384       0xf8 modules/hal_nordic/nrfx/libmodules__hal_nordic__nrfx.a(nrfx_pwm.c.obj)
 .text.nrf_gpio_pin_port_decode
                0x0000547c       0x84 modules/hal_nordic/nrfx/libmodules__hal_nordic__nrfx.a(nrfx_pwm.c.obj)
 .text.nrfx_pwm_init
                0x00005500      0x198 modules/hal_nordic/nrfx/libmodules__hal_nordic__nrfx.a(nrfx_pwm.c.obj)
                0x00005500                nrfx_pwm_init
 .text.nrfx_pwm_simple_playback
                0x00005698       0xe8 modules/hal_nordic/nrfx/libmodules__hal_nordic__nrfx.a(nrfx_pwm.c.obj)
                0x00005698                nrfx_pwm_simple_playback
 .text.nrfx_pwm_is_stopped
                0x00005780       0x5c modules/hal_nordic/nrfx/libmodules__hal_nordic__nrfx.a(nrfx_pwm.c.obj)
                0x00005780                nrfx_pwm_is_stopped
 .text.nrfx_pwm_stop
                0x000057dc       0x64 modules/hal_nordic/nrfx/libmodules__hal_nordic__nrfx.a(nrfx_pwm.c.obj)
                0x000057dc                nrfx_pwm_stop
 .text.nrf52_errata_36
                0x00005840       0x14 modules/hal_nordic/nrfx/libmodules__hal_nordic__nrfx.a(system_nrf52840.c.obj)
 .text.nrf52_errata_98
                0x00005854       0x28 modules/hal_nordic/nrfx/libmodules__hal_nordic__nrfx.a(system_nrf52840.c.obj)
 .text.nvmc_wait
                0x0000587c       0x10 modules/hal_nordic/nrfx/libmodules__hal_nordic__nrfx.a(system_nrf52840.c.obj)
                0x0000587c                nvmc_wait
 .text.SystemInit
                0x0000588c      0x1d0 modules/hal_nordic/nrfx/libmodules__hal_nordic__nrfx.a(system_nrf52840.c.obj)
                0x0000588c                SystemInit
 .text._DoInit  0x00005a5c       0x6c modules/segger/libmodules__segger.a(SEGGER_RTT.c.obj)
 .text.z_sys_init_run_level
                0x00005ac8       0x40 zephyr/kernel/libkernel.a(device.c.obj)
                0x00005ac8                z_sys_init_run_level
 .text.z_impl_device_get_binding
                0x00005b08       0x58 zephyr/kernel/libkernel.a(device.c.obj)
                0x00005b08                z_impl_device_get_binding
 .text.z_fatal_error
                0x00005b60       0x64 zephyr/kernel/libkernel.a(fatal.c.obj)
                0x00005b60                z_fatal_error
 .text.idle     0x00005bc4       0x58 zephyr/kernel/libkernel.a(idle.c.obj)
                0x00005bc4                idle
 .text.init_idle_thread
                0x00005c1c       0x58 zephyr/kernel/libkernel.a(init.c.obj)
 .text.bg_thread_main
                0x00005c74       0x34 zephyr/kernel/libkernel.a(init.c.obj)
 .text.z_bss_zero
                0x00005ca8       0x14 zephyr/kernel/libkernel.a(init.c.obj)
                0x00005ca8                z_bss_zero
 .text.z_cstart
                0x00005cbc       0xe4 zephyr/kernel/libkernel.a(init.c.obj)
                0x00005cbc                z_cstart
 .text.init_mem_slab_module
                0x00005da0       0x78 zephyr/kernel/libkernel.a(mem_slab.c.obj)
 .text.k_mem_slab_alloc
                0x00005e18       0xd8 zephyr/kernel/libkernel.a(mem_slab.c.obj)
                0x00005e18                k_mem_slab_alloc
 .text.k_mem_slab_free
                0x00005ef0       0xc8 zephyr/kernel/libkernel.a(mem_slab.c.obj)
                0x00005ef0                k_mem_slab_free
 .text.z_impl_k_mutex_lock
                0x00005fb8      0x200 zephyr/kernel/libkernel.a(mutex.c.obj)
                0x00005fb8                z_impl_k_mutex_lock
 .text.z_impl_k_mutex_unlock
                0x000061b8      0x190 zephyr/kernel/libkernel.a(mutex.c.obj)
                0x000061b8                z_impl_k_mutex_unlock
 .text.signal_poll_event
                0x00006348       0xec zephyr/kernel/libkernel.a(poll.c.obj)
 .text.z_impl_k_poll_signal_raise
                0x00006434       0xb8 zephyr/kernel/libkernel.a(poll.c.obj)
                0x00006434                z_impl_k_poll_signal_raise
 .text.queue_insert
                0x000064ec      0x134 zephyr/kernel/libkernel.a(queue.c.obj)
 .text.z_impl_k_queue_get
                0x00006620       0xd8 zephyr/kernel/libkernel.a(queue.c.obj)
                0x00006620                z_impl_k_queue_get
 .text.z_reset_time_slice
                0x000066f8       0x2c zephyr/kernel/libkernel.a(sched.c.obj)
                0x000066f8                z_reset_time_slice
 .text.k_sched_time_slice_set
                0x00006724       0xcc zephyr/kernel/libkernel.a(sched.c.obj)
                0x00006724                k_sched_time_slice_set
 .text.z_unpend_thread_no_timeout
                0x000067f0       0x90 zephyr/kernel/libkernel.a(sched.c.obj)
                0x000067f0                z_unpend_thread_no_timeout
 .text.z_reschedule
                0x00006880       0x88 zephyr/kernel/libkernel.a(sched.c.obj)
                0x00006880                z_reschedule
 .text.k_sched_lock
                0x00006908       0xe8 zephyr/kernel/libkernel.a(sched.c.obj)
                0x00006908                k_sched_lock
 .text.z_priq_dumb_remove
                0x000069f0       0x44 zephyr/kernel/libkernel.a(sched.c.obj)
                0x000069f0                z_priq_dumb_remove
 .text.unpend_thread_no_timeout
                0x00006a34       0x44 zephyr/kernel/libkernel.a(sched.c.obj)
 .text.z_unpend_thread
                0x00006a78       0x98 zephyr/kernel/libkernel.a(sched.c.obj)
                0x00006a78                z_unpend_thread
 .text.update_cache
                0x00006b10       0x70 zephyr/kernel/libkernel.a(sched.c.obj)
 .text.move_thread_to_end_of_prio_q
                0x00006b80       0xac zephyr/kernel/libkernel.a(sched.c.obj)
 .text.z_time_slice
                0x00006c2c       0xf0 zephyr/kernel/libkernel.a(sched.c.obj)
                0x00006c2c                z_time_slice
 .text.ready_thread
                0x00006d1c       0xa4 zephyr/kernel/libkernel.a(sched.c.obj)
 .text.z_ready_thread
                0x00006dc0       0x90 zephyr/kernel/libkernel.a(sched.c.obj)
                0x00006dc0                z_ready_thread
 .text.z_sched_start
                0x00006e50       0xa8 zephyr/kernel/libkernel.a(sched.c.obj)
                0x00006e50                z_sched_start
 .text.z_thread_timeout
                0x00006ef8       0xb4 zephyr/kernel/libkernel.a(sched.c.obj)
                0x00006ef8                z_thread_timeout
 .text.unready_thread
                0x00006fac       0x38 zephyr/kernel/libkernel.a(sched.c.obj)
 .text.add_to_waitq_locked
                0x00006fe4       0x84 zephyr/kernel/libkernel.a(sched.c.obj)
 .text.pend     0x00007068       0xbc zephyr/kernel/libkernel.a(sched.c.obj)
 .text.z_pend_curr
                0x00007124       0x60 zephyr/kernel/libkernel.a(sched.c.obj)
                0x00007124                z_pend_curr
 .text.z_set_prio
                0x00007184      0x138 zephyr/kernel/libkernel.a(sched.c.obj)
                0x00007184                z_set_prio
 .text.z_impl_k_thread_suspend
                0x000072bc       0xd4 zephyr/kernel/libkernel.a(sched.c.obj)
                0x000072bc                z_impl_k_thread_suspend
 .text.k_sched_unlock
                0x00007390       0xf8 zephyr/kernel/libkernel.a(sched.c.obj)
                0x00007390                k_sched_unlock
 .text.z_unpend1_no_timeout
                0x00007488       0x98 zephyr/kernel/libkernel.a(sched.c.obj)
                0x00007488                z_unpend1_no_timeout
 .text.z_unpend_first_thread
                0x00007520       0xa0 zephyr/kernel/libkernel.a(sched.c.obj)
                0x00007520                z_unpend_first_thread
 .text.z_sched_init
                0x000075c0       0x18 zephyr/kernel/libkernel.a(sched.c.obj)
                0x000075c0                z_sched_init
 .text.z_impl_k_yield
                0x000075d8      0x148 zephyr/kernel/libkernel.a(sched.c.obj)
                0x000075d8                z_impl_k_yield
 .text.z_tick_sleep
                0x00007720      0x15c zephyr/kernel/libkernel.a(sched.c.obj)
 .text.z_impl_k_sleep
                0x0000787c       0x70 zephyr/kernel/libkernel.a(sched.c.obj)
                0x0000787c                z_impl_k_sleep
 .text.z_impl_z_current_get
                0x000078ec        0xc zephyr/kernel/libkernel.a(sched.c.obj)
                0x000078ec                z_impl_z_current_get
 .text.z_impl_k_is_preempt_thread
                0x000078f8       0x20 zephyr/kernel/libkernel.a(sched.c.obj)
                0x000078f8                z_impl_k_is_preempt_thread
 .text.z_thread_abort
                0x00007918      0x168 zephyr/kernel/libkernel.a(sched.c.obj)
                0x00007918                z_thread_abort
 .text.z_sched_wake
                0x00007a80       0xb0 zephyr/kernel/libkernel.a(sched.c.obj)
                0x00007a80                z_sched_wake
 .text.z_sched_wait
                0x00007b30       0x24 zephyr/kernel/libkernel.a(sched.c.obj)
                0x00007b30                z_sched_wait
 .text.z_impl_k_sem_give
                0x00007b54       0x88 zephyr/kernel/libkernel.a(sem.c.obj)
                0x00007b54                z_impl_k_sem_give
 .text.z_impl_k_sem_take
                0x00007bdc      0x114 zephyr/kernel/libkernel.a(sem.c.obj)
                0x00007bdc                z_impl_k_sem_take
 .text.k_sys_work_q_init
                0x00007cf0       0x34 zephyr/kernel/libkernel.a(system_work_q.c.obj)
 .text.z_setup_new_thread
                0x00007d24       0xc8 zephyr/kernel/libkernel.a(thread.c.obj)
                0x00007d24                z_setup_new_thread
 .text.z_impl_k_thread_create
                0x00007dec       0x9c zephyr/kernel/libkernel.a(thread.c.obj)
                0x00007dec                z_impl_k_thread_create
 .text.z_init_static_threads
                0x00007e88      0x120 zephyr/kernel/libkernel.a(thread.c.obj)
                0x00007e88                z_init_static_threads
 .text.z_spin_lock_valid
                0x00007fa8       0x1c zephyr/kernel/libkernel.a(thread.c.obj)
                0x00007fa8                z_spin_lock_valid
 .text.z_spin_unlock_valid
                0x00007fc4       0x20 zephyr/kernel/libkernel.a(thread.c.obj)
                0x00007fc4                z_spin_unlock_valid
 .text.z_spin_lock_set_owner
                0x00007fe4       0x10 zephyr/kernel/libkernel.a(thread.c.obj)
                0x00007fe4                z_spin_lock_set_owner
 .text.elapsed  0x00007ff4       0x14 zephyr/kernel/libkernel.a(timeout.c.obj)
 .text.next_timeout
                0x00008008       0x58 zephyr/kernel/libkernel.a(timeout.c.obj)
 .text.remove_timeout
                0x00008060       0x34 zephyr/kernel/libkernel.a(timeout.c.obj)
 .text.z_add_timeout
                0x00008094      0x1a8 zephyr/kernel/libkernel.a(timeout.c.obj)
                0x00008094                z_add_timeout
 .text.z_abort_timeout
                0x0000823c       0x9c zephyr/kernel/libkernel.a(timeout.c.obj)
                0x0000823c                z_abort_timeout
 .text.z_get_next_timeout_expiry
                0x000082d8       0x90 zephyr/kernel/libkernel.a(timeout.c.obj)
                0x000082d8                z_get_next_timeout_expiry
 .text.z_set_timeout_expiry
                0x00008368       0xa0 zephyr/kernel/libkernel.a(timeout.c.obj)
                0x00008368                z_set_timeout_expiry
 .text.sys_clock_announce
                0x00008408      0x198 zephyr/kernel/libkernel.a(timeout.c.obj)
                0x00008408                sys_clock_announce
 .text.sys_clock_tick_get
                0x000085a0       0xa0 zephyr/kernel/libkernel.a(timeout.c.obj)
                0x000085a0                sys_clock_tick_get
 .text.z_timer_expiration_handler
                0x00008640      0x168 zephyr/kernel/libkernel.a(timer.c.obj)
                0x00008640                z_timer_expiration_handler
 .text.z_impl_k_timer_start
                0x000087a8       0xc0 zephyr/kernel/libkernel.a(timer.c.obj)
                0x000087a8                z_impl_k_timer_start
 .text.work_queue_main
                0x00008868      0x228 zephyr/kernel/libkernel.a(work.c.obj)
 .text.submit_to_queue_locked
                0x00008a90       0xc8 zephyr/kernel/libkernel.a(work.c.obj)
 .text.k_work_submit_to_queue
                0x00008b58       0xc8 zephyr/kernel/libkernel.a(work.c.obj)
                0x00008b58                k_work_submit_to_queue
 .text.k_work_queue_start
                0x00008c20       0xe4 zephyr/kernel/libkernel.a(work.c.obj)
                0x00008c20                k_work_queue_start
 .text.z_data_copy
                0x00008d04       0x34 zephyr/kernel/libkernel.a(xip.c.obj)
                0x00008d04                z_data_copy
 .text.boot_banner
                0x00008d38       0x18 zephyr/kernel/libkernel.a(banner.c.obj)
                0x00008d38                boot_banner
 .text.z_heap_aligned_alloc
                0x00008d50       0x6c zephyr/kernel/libkernel.a(mempool.c.obj)
 .text.z_thread_aligned_alloc
                0x00008dbc       0x30 zephyr/kernel/libkernel.a(mempool.c.obj)
                0x00008dbc                z_thread_aligned_alloc
 .text.statics_init
                0x00008dec       0x58 zephyr/kernel/libkernel.a(kheap.c.obj)
 .text.k_heap_aligned_alloc
                0x00008e44      0x15c zephyr/kernel/libkernel.a(kheap.c.obj)
                0x00008e44                k_heap_aligned_alloc
 .text.k_heap_free
                0x00008fa0       0xa8 zephyr/kernel/libkernel.a(kheap.c.obj)
                0x00008fa0                k_heap_free
 .text.nrf_cc3xx_platform_init_no_rng
                0x00009048       0x38 D:/toolchain/v1.9.1/nrfxlib/crypto/nrf_cc310_platform/lib/cortex-m4/soft-float/no-interrupts/libnrf_cc310_platform_0.9.13.a(nrf_cc3xx_platform.c.obj)
                0x00009048                nrf_cc3xx_platform_init_no_rng
 .text.nrf_cc3xx_platform_abort
                0x00009080       0x24 D:/toolchain/v1.9.1/nrfxlib/crypto/nrf_cc310_platform/lib/cortex-m4/soft-float/no-interrupts/libnrf_cc310_platform_0.9.13.a(nrf_cc3xx_platform_abort.c.obj)
 .text.CC_PalAbort
                0x000090a4       0x40 D:/toolchain/v1.9.1/nrfxlib/crypto/nrf_cc310_platform/lib/cortex-m4/soft-float/no-interrupts/libnrf_cc310_platform_0.9.13.a(nrf_cc3xx_platform_abort.c.obj)
                0x000090a4                CC_PalAbort
 .text.nrf_cc3xx_platform_set_abort
                0x000090e4       0x10 D:/toolchain/v1.9.1/nrfxlib/crypto/nrf_cc310_platform/lib/cortex-m4/soft-float/no-interrupts/libnrf_cc310_platform_0.9.13.a(nrf_cc3xx_platform_abort.c.obj)
                0x000090e4                nrf_cc3xx_platform_set_abort
 .text.mutex_free
                0x000090f4       0x28 D:/toolchain/v1.9.1/nrfxlib/crypto/nrf_cc310_platform/lib/cortex-m4/soft-float/no-interrupts/libnrf_cc310_platform_0.9.13.a(nrf_cc3xx_platform_mutex.c.obj)
 .text.mutex_unlock
                0x0000911c       0x2c D:/toolchain/v1.9.1/nrfxlib/crypto/nrf_cc310_platform/lib/cortex-m4/soft-float/no-interrupts/libnrf_cc310_platform_0.9.13.a(nrf_cc3xx_platform_mutex.c.obj)
 .text.mutex_init
                0x00009148       0x1c D:/toolchain/v1.9.1/nrfxlib/crypto/nrf_cc310_platform/lib/cortex-m4/soft-float/no-interrupts/libnrf_cc310_platform_0.9.13.a(nrf_cc3xx_platform_mutex.c.obj)
 .text.mutex_lock
                0x00009164       0x44 D:/toolchain/v1.9.1/nrfxlib/crypto/nrf_cc310_platform/lib/cortex-m4/soft-float/no-interrupts/libnrf_cc310_platform_0.9.13.a(nrf_cc3xx_platform_mutex.c.obj)
 .text.nrf_cc3xx_platform_set_mutexes
                0x000091a8       0x60 D:/toolchain/v1.9.1/nrfxlib/crypto/nrf_cc310_platform/lib/cortex-m4/soft-float/no-interrupts/libnrf_cc310_platform_0.9.13.a(nrf_cc3xx_platform_mutex.c.obj)
                0x000091a8                nrf_cc3xx_platform_set_mutexes
 .text.CC_LibInitNoRng
                0x00009208       0x6c D:/toolchain/v1.9.1/nrfxlib/crypto/nrf_cc310_platform/lib/cortex-m4/soft-float/no-interrupts/libnrf_cc310_platform_0.9.13.a(cc_lib.c.obj)
                0x00009208                CC_LibInitNoRng
 .text.CC_HalInit
                0x00009274        0x4 D:/toolchain/v1.9.1/nrfxlib/crypto/nrf_cc310_platform/lib/cortex-m4/soft-float/no-interrupts/libnrf_cc310_platform_0.9.13.a(cc_hal.c.obj)
                0x00009274                CC_HalInit
 .text.CC_HalTerminate
                0x00009278        0x4 D:/toolchain/v1.9.1/nrfxlib/crypto/nrf_cc310_platform/lib/cortex-m4/soft-float/no-interrupts/libnrf_cc310_platform_0.9.13.a(cc_hal.c.obj)
                0x00009278                CC_HalTerminate
 .text.CC_HalMaskInterrupt
                0x0000927c        0xc D:/toolchain/v1.9.1/nrfxlib/crypto/nrf_cc310_platform/lib/cortex-m4/soft-float/no-interrupts/libnrf_cc310_platform_0.9.13.a(cc_hal.c.obj)
                0x0000927c                CC_HalMaskInterrupt
 .text.CC_PalInit
                0x00009288       0x5c D:/toolchain/v1.9.1/nrfxlib/crypto/nrf_cc310_platform/lib/cortex-m4/soft-float/no-interrupts/libnrf_cc310_platform_0.9.13.a(cc_pal.c.obj)
                0x00009288                CC_PalInit
 .text.CC_PalTerminate
                0x000092e4       0x34 D:/toolchain/v1.9.1/nrfxlib/crypto/nrf_cc310_platform/lib/cortex-m4/soft-float/no-interrupts/libnrf_cc310_platform_0.9.13.a(cc_pal.c.obj)
                0x000092e4                CC_PalTerminate
 .text.CC_PalDmaInit
                0x00009318        0x4 D:/toolchain/v1.9.1/nrfxlib/crypto/nrf_cc310_platform/lib/cortex-m4/soft-float/no-interrupts/libnrf_cc310_platform_0.9.13.a(cc_pal_dma.c.obj)
                0x00009318                CC_PalDmaInit
 .text.CC_PalDmaTerminate
                0x0000931c        0x4 D:/toolchain/v1.9.1/nrfxlib/crypto/nrf_cc310_platform/lib/cortex-m4/soft-float/no-interrupts/libnrf_cc310_platform_0.9.13.a(cc_pal_dma.c.obj)
                0x0000931c                CC_PalDmaTerminate
 .text.CC_PalMutexCreate
                0x00009320       0x14 D:/toolchain/v1.9.1/nrfxlib/crypto/nrf_cc310_platform/lib/cortex-m4/soft-float/no-interrupts/libnrf_cc310_platform_0.9.13.a(cc_pal_mutex.c.obj)
                0x00009320                CC_PalMutexCreate
 .text.CC_PalMutexDestroy
                0x00009334       0x14 D:/toolchain/v1.9.1/nrfxlib/crypto/nrf_cc310_platform/lib/cortex-m4/soft-float/no-interrupts/libnrf_cc310_platform_0.9.13.a(cc_pal_mutex.c.obj)
                0x00009334                CC_PalMutexDestroy
 .text.CC_PalPowerSaveModeInit
                0x00009348       0x3c D:/toolchain/v1.9.1/nrfxlib/crypto/nrf_cc310_platform/lib/cortex-m4/soft-float/no-interrupts/libnrf_cc310_platform_0.9.13.a(cc_pal_pm.c.obj)
                0x00009348                CC_PalPowerSaveModeInit
 .text.CC_PalPowerSaveModeSelect
                0x00009384       0x84 D:/toolchain/v1.9.1/nrfxlib/crypto/nrf_cc310_platform/lib/cortex-m4/soft-float/no-interrupts/libnrf_cc310_platform_0.9.13.a(cc_pal_pm.c.obj)
                0x00009384                CC_PalPowerSaveModeSelect
 .text.assert_post_action
                0x00009408        0xe zephyr/libzephyr.a(assert.c.obj)
                0x00009408                assert_post_action
 .text.encode_uint
                0x00009416       0x96 zephyr/libzephyr.a(cbprintf_complete.c.obj)
 .text.outs     0x000094ac       0x2c zephyr/libzephyr.a(cbprintf_complete.c.obj)
 .text._ConfigAbsSyms
                0x000094d8        0x2 zephyr/libzephyr.a(configs.c.obj)
                0x000094d8                _ConfigAbsSyms
 .text.chunk_size
                0x000094da        0xa zephyr/libzephyr.a(heap.c.obj)
 .text.free_list_add
                0x000094e4       0x4e zephyr/libzephyr.a(heap.c.obj)
 .text.free_list_remove_bidx
                0x00009532       0x3a zephyr/libzephyr.a(heap.c.obj)
 .text.free_list_remove
                0x0000956c       0x1a zephyr/libzephyr.a(heap.c.obj)
 .text.alloc_chunk
                0x00009586       0x6c zephyr/libzephyr.a(heap.c.obj)
 .text.merge_chunks
                0x000095f2       0x2e zephyr/libzephyr.a(heap.c.obj)
 .text.split_chunks
                0x00009620       0x34 zephyr/libzephyr.a(heap.c.obj)
 .text.free_chunk
                0x00009654       0x62 zephyr/libzephyr.a(heap.c.obj)
 .text.sys_heap_alloc
                0x000096b6       0x54 zephyr/libzephyr.a(heap.c.obj)
                0x000096b6                sys_heap_alloc
 .text.sys_notify_validate
                0x0000970a       0x28 zephyr/libzephyr.a(notify.c.obj)
                0x0000970a                sys_notify_validate
 .text.abort_function
                0x00009732        0x8 zephyr/libzephyr.a(nrf_cc3xx_platform_abort_zephyr.c.obj)
 .text.process_recheck
                0x0000973a       0x38 zephyr/libzephyr.a(onoff.c.obj)
 .text.notify_one
                0x00009772       0x2c zephyr/libzephyr.a(onoff.c.obj)
 .text.validate_args
                0x0000979e       0x1e zephyr/libzephyr.a(onoff.c.obj)
 .text.onoff_manager_init
                0x000097bc       0x26 zephyr/libzephyr.a(onoff.c.obj)
                0x000097bc                onoff_manager_init
 .text.arch_printk_char_out
                0x000097e2        0x4 zephyr/libzephyr.a(printk.c.obj)
                0x000097e2                arch_printk_char_out
 .text.printk   0x000097e6       0x1a zephyr/libzephyr.a(printk.c.obj)
                0x000097e6                printk
 .text.pm_policy_next_state
                0x00009800        0xa zephyr/libzephyr.a(residency.c.obj)
                0x00009800                pm_policy_next_state
 .text.z_thread_entry
                0x0000980a       0x14 zephyr/libzephyr.a(thread_entry.c.obj)
                0x0000980a                z_thread_entry
 .text.z_arm_fatal_error
                0x0000981e        0x4 zephyr/arch/arch/arm/core/aarch32/libarch__arm__core__aarch32.a(fatal.c.obj)
                0x0000981e                z_arm_fatal_error
 .text.z_do_kernel_oops
                0x00009822        0x8 zephyr/arch/arch/arm/core/aarch32/libarch__arm__core__aarch32.a(fatal.c.obj)
                0x00009822                z_do_kernel_oops
 .text.z_irq_spurious
                0x0000982a        0x8 zephyr/arch/arch/arm/core/aarch32/libarch__arm__core__aarch32.a(irq_manage.c.obj)
                0x0000982a                z_irq_spurious
 .text.z_arm_nmi
                0x00009832        0xe zephyr/arch/arch/arm/core/aarch32/libarch__arm__core__aarch32.a(nmi.c.obj)
                0x00009832                z_arm_nmi
 .text._stdout_hook_default
                0x00009840        0x6 zephyr/lib/libc/minimal/liblib__libc__minimal.a(stdout_console.c.obj)
 .text.strcpy   0x00009846       0x14 zephyr/lib/libc/minimal/liblib__libc__minimal.a(string.c.obj)
                0x00009846                strcpy
 .text.strlen   0x0000985a        0xe zephyr/lib/libc/minimal/liblib__libc__minimal.a(string.c.obj)
                0x0000985a                strlen
 .text.strnlen  0x00009868       0x12 zephyr/lib/libc/minimal/liblib__libc__minimal.a(string.c.obj)
                0x00009868                strnlen
 .text.strcmp   0x0000987a       0x18 zephyr/lib/libc/minimal/liblib__libc__minimal.a(string.c.obj)
                0x0000987a                strcmp
 .text.memcpy   0x00009892       0x16 zephyr/lib/libc/minimal/liblib__libc__minimal.a(string.c.obj)
                0x00009892                memcpy
 .text.memset   0x000098a8       0x12 zephyr/lib/libc/minimal/liblib__libc__minimal.a(string.c.obj)
                0x000098a8                memset
 .text.pm_power_state_set
                0x000098ba       0x26 zephyr/soc/arm/nordic_nrf/nrf52/libsoc__arm__nordic_nrf__nrf52.a(power.c.obj)
                0x000098ba                pm_power_state_set
 .text.pm_power_state_exit_post_ops
                0x000098e0       0x16 zephyr/soc/arm/nordic_nrf/nrf52/libsoc__arm__nordic_nrf__nrf52.a(power.c.obj)
                0x000098e0                pm_power_state_exit_post_ops
 .text.adc_context_on_timer_expired
                0x000098f6       0x2e zephyr/drivers/adc/libdrivers__adc.a(adc_nrfx_saadc.c.obj)
 .text.set_starting_state
                0x00009924       0x3c zephyr/drivers/clock_control/libdrivers__clock_control.a(clock_control_nrf.c.obj)
 .text.set_on_state
                0x00009960       0x26 zephyr/drivers/clock_control/libdrivers__clock_control.a(clock_control_nrf.c.obj)
 .text.onoff_started_callback
                0x00009986        0xc zephyr/drivers/clock_control/libdrivers__clock_control.a(clock_control_nrf.c.obj)
 .text.lfclk_start
                0x00009992        0x6 zephyr/drivers/clock_control/libdrivers__clock_control.a(clock_control_nrf.c.obj)
 .text.lfclk_stop
                0x00009998        0x6 zephyr/drivers/clock_control/libdrivers__clock_control.a(clock_control_nrf.c.obj)
 .text.api_stop
                0x0000999e        0x6 zephyr/drivers/clock_control/libdrivers__clock_control.a(clock_control_nrf.c.obj)
 .text.blocking_start_callback
                0x000099a4        0x6 zephyr/drivers/clock_control/libdrivers__clock_control.a(clock_control_nrf.c.obj)
 .text.api_start
                0x000099aa       0x36 zephyr/drivers/clock_control/libdrivers__clock_control.a(clock_control_nrf.c.obj)
 .text.gpio_nrfx_port_get_raw
                0x000099e0        0xe zephyr/drivers/gpio/libdrivers__gpio.a(gpio_nrfx.c.obj)
 .text.gpio_nrfx_port_set_masked_raw
                0x000099ee       0x16 zephyr/drivers/gpio/libdrivers__gpio.a(gpio_nrfx.c.obj)
 .text.gpio_nrfx_port_set_bits_raw
                0x00009a04        0xc zephyr/drivers/gpio/libdrivers__gpio.a(gpio_nrfx.c.obj)
 .text.gpio_nrfx_port_clear_bits_raw
                0x00009a10        0xc zephyr/drivers/gpio/libdrivers__gpio.a(gpio_nrfx.c.obj)
 .text.gpio_nrfx_port_toggle_bits
                0x00009a1c       0x12 zephyr/drivers/gpio/libdrivers__gpio.a(gpio_nrfx.c.obj)
 .text.any_other_channel_is_active
                0x00009a2e       0x2a zephyr/drivers/pwm/libdrivers__pwm.a(pwm_nrfx.c.obj)
 .text.pwm_nrfx_pin_set
                0x00009a58      0x170 zephyr/drivers/pwm/libdrivers__pwm.a(pwm_nrfx.c.obj)
 .text.uarte_nrfx_isr_int
                0x00009bc8       0x74 zephyr/drivers/serial/libdrivers__serial.a(uart_nrfx_uarte.c.obj)
 .text.uarte_nrfx_config_get
                0x00009c3c       0x10 zephyr/drivers/serial/libdrivers__serial.a(uart_nrfx_uarte.c.obj)
 .text.uarte_nrfx_err_check
                0x00009c4c        0xe zephyr/drivers/serial/libdrivers__serial.a(uart_nrfx_uarte.c.obj)
 .text.is_tx_ready
                0x00009c5a       0x20 zephyr/drivers/serial/libdrivers__serial.a(uart_nrfx_uarte.c.obj)
 .text.uarte_nrfx_poll_in
                0x00009c7a       0x26 zephyr/drivers/serial/libdrivers__serial.a(uart_nrfx_uarte.c.obj)
 .text.uarte_0_init
                0x00009ca0       0x1e zephyr/drivers/serial/libdrivers__serial.a(uart_nrfx_uarte.c.obj)
 .text.uarte_1_init
                0x00009cbe       0x1e zephyr/drivers/serial/libdrivers__serial.a(uart_nrfx_uarte.c.obj)
 .text.sys_clock_idle_exit
                0x00009cdc        0x2 zephyr/drivers/timer/libdrivers__timer.a(sys_clock_init.c.obj)
                0x00009cdc                sys_clock_idle_exit
 .text.k_sys_fatal_error_handler
                0x00009cde        0x8 modules/nrf/lib/fatal_error/lib..__nrf__lib__fatal_error.a(fatal_error.c.obj)
                0x00009cde                k_sys_fatal_error_handler
 .text.hw_cc3xx_init_internal
                0x00009ce6        0x4 modules/nrf/drivers/hw_cc310/lib..__nrf__drivers__hw_cc310.a(hw_cc310.c.obj)
 .text.hw_cc3xx_init
                0x00009cea       0x12 modules/nrf/drivers/hw_cc310/lib..__nrf__drivers__hw_cc310.a(hw_cc310.c.obj)
 .text.nrfx_isr
                0x00009cfc        0x2 modules/hal_nordic/nrfx/libmodules__hal_nordic__nrfx.a(nrfx_glue.c.obj)
                0x00009cfc                nrfx_isr
 .text.nrfx_busy_wait
                0x00009cfe        0x4 modules/hal_nordic/nrfx/libmodules__hal_nordic__nrfx.a(nrfx_glue.c.obj)
                0x00009cfe                nrfx_busy_wait
 .text.nrf_gpio_pin_present_check
                0x00009d02       0x22 modules/hal_nordic/nrfx/libmodules__hal_nordic__nrfx.a(nrfx_gpiote.c.obj)
 .text.nrf_gpiote_in_event_get
                0x00009d24        0x8 modules/hal_nordic/nrfx/libmodules__hal_nordic__nrfx.a(nrfx_gpiote.c.obj)
 .text.nrf_gpio_reconfigure
                0x00009d2c       0x96 modules/hal_nordic/nrfx/libmodules__hal_nordic__nrfx.a(nrfx_gpiote.c.obj)
 .text.nrf_gpio_cfg_sense_set
                0x00009dc2       0x1e modules/hal_nordic/nrfx/libmodules__hal_nordic__nrfx.a(nrfx_gpiote.c.obj)
 .text.start_playback.isra.0
                0x00009de0       0x46 modules/hal_nordic/nrfx/libmodules__hal_nordic__nrfx.a(nrfx_pwm.c.obj)
 .text.SEGGER_RTT_Init
                0x00009e26        0x4 modules/segger/libmodules__segger.a(SEGGER_RTT.c.obj)
                0x00009e26                SEGGER_RTT_Init
 .text.rtt_init
                0x00009e2a        0xa modules/segger/libmodules__segger.a(SEGGER_RTT_zephyr.c.obj)
 .text.z_device_state_init
                0x00009e34        0x2 zephyr/kernel/libkernel.a(device.c.obj)
                0x00009e34                z_device_state_init
 .text.z_device_ready
                0x00009e36       0x14 zephyr/kernel/libkernel.a(device.c.obj)
                0x00009e36                z_device_ready
 .text.z_pm_save_idle_exit
                0x00009e4a        0xe zephyr/kernel/libkernel.a(idle.c.obj)
                0x00009e4a                z_pm_save_idle_exit
 .text.k_mem_slab_init
                0x00009e58       0x38 zephyr/kernel/libkernel.a(mem_slab.c.obj)
                0x00009e58                k_mem_slab_init
 .text.z_impl_k_mutex_init
                0x00009e90        0xe zephyr/kernel/libkernel.a(mutex.c.obj)
                0x00009e90                z_impl_k_mutex_init
 .text.z_handle_obj_poll_events
                0x00009e9e       0x1c zephyr/kernel/libkernel.a(poll.c.obj)
                0x00009e9e                z_handle_obj_poll_events
 .text.z_queue_node_peek
                0x00009eba       0x18 zephyr/kernel/libkernel.a(queue.c.obj)
                0x00009eba                z_queue_node_peek
 .text.z_impl_k_queue_init
                0x00009ed2       0x1a zephyr/kernel/libkernel.a(queue.c.obj)
                0x00009ed2                z_impl_k_queue_init
 .text.k_queue_append
                0x00009eec       0x16 zephyr/kernel/libkernel.a(queue.c.obj)
                0x00009eec                k_queue_append
 .text.z_reschedule_irqlock
                0x00009f02       0x18 zephyr/kernel/libkernel.a(sched.c.obj)
                0x00009f02                z_reschedule_irqlock
 .text.z_reschedule_unlocked
                0x00009f1a       0x14 zephyr/kernel/libkernel.a(sched.c.obj)
 .text.z_priq_dumb_best
                0x00009f2e       0x14 zephyr/kernel/libkernel.a(sched.c.obj)
                0x00009f2e                z_priq_dumb_best
 .text.z_unpend_all
                0x00009f42       0x20 zephyr/kernel/libkernel.a(sched.c.obj)
                0x00009f42                z_unpend_all
 .text.k_is_in_isr
                0x00009f62        0xc zephyr/kernel/libkernel.a(thread.c.obj)
                0x00009f62                k_is_in_isr
 .text.z_impl_k_thread_name_set
                0x00009f6e        0x6 zephyr/kernel/libkernel.a(thread.c.obj)
                0x00009f6e                z_impl_k_thread_name_set
 .text.z_impl_k_thread_start
                0x00009f74        0x4 zephyr/kernel/libkernel.a(thread.c.obj)
                0x00009f74                z_impl_k_thread_start
 .text.sys_clock_tick_get_32
                0x00009f78        0x8 zephyr/kernel/libkernel.a(timeout.c.obj)
                0x00009f78                sys_clock_tick_get_32
 .text.z_impl_k_uptime_ticks
                0x00009f80        0x4 zephyr/kernel/libkernel.a(timeout.c.obj)
                0x00009f80                z_impl_k_uptime_ticks
 .text.z_impl_k_busy_wait
                0x00009f84        0x8 zephyr/kernel/libkernel.a(timeout.c.obj)
                0x00009f84                z_impl_k_busy_wait
 .text.sys_clock_timeout_end_calc
                0x00009f8c       0x52 zephyr/kernel/libkernel.a(timeout.c.obj)
                0x00009f8c                sys_clock_timeout_end_calc
 .text.z_impl_k_timer_stop
                0x00009fde       0x3a zephyr/kernel/libkernel.a(timer.c.obj)
                0x00009fde                z_impl_k_timer_stop
 .text.notify_queue_locked
                0x0000a018        0xe zephyr/kernel/libkernel.a(work.c.obj)
 .text.k_free   0x0000a026        0xe zephyr/kernel/libkernel.a(mempool.c.obj)
                0x0000a026                k_free
 .text.k_heap_init
                0x0000a034       0x10 zephyr/kernel/libkernel.a(kheap.c.obj)
                0x0000a034                k_heap_init
 .text._OffsetAbsSyms
                0x0000a044        0x2 zephyr/CMakeFiles/offsets.dir/./arch/arm/core/offsets/offsets.c.obj
                0x0000a044                _OffsetAbsSyms
 *(SORT_BY_ALIGNMENT(.TEXT.*))
 *fill*         0x0000a046        0x2 
 .TEXT.z_arm_platform_init
                0x0000a048        0x4 zephyr/libzephyr.a(soc_nrf_common.S.obj)
                0x0000a048                z_arm_platform_init
 *(SORT_BY_ALIGNMENT(.gnu.linkonce.t.*))
 *(SORT_BY_ALIGNMENT(.glue_7t))
 .glue_7t       0x0000a04c        0x0 linker stubs
 *(SORT_BY_ALIGNMENT(.glue_7))
 .glue_7        0x0000a04c        0x0 linker stubs
 *(SORT_BY_ALIGNMENT(.vfp11_veneer))
 .vfp11_veneer  0x0000a04c        0x0 linker stubs
 *(SORT_BY_ALIGNMENT(.v4_bx))
 .v4_bx         0x0000a04c        0x0 linker stubs
                0x0000a04c                __text_region_end = .

.ARM.exidx      0x0000a04c        0x8
                0x0000a04c                __exidx_start = .
 *(SORT_BY_ALIGNMENT(.ARM.exidx*) SORT_BY_ALIGNMENT(gnu.linkonce.armexidx.*))
 .ARM.exidx     0x0000a04c        0x8 d:/toolchain/v1.9.1/toolchain/opt/bin/../lib/gcc/arm-none-eabi/9.2.1/thumb/v7e-m/nofp\libgcc.a(_udivmoddi4.o)
                0x0000a054                __exidx_end = .
                0x0000a054                __rodata_region_start = .

initlevel       0x0000a054       0x80
                0x0000a054                __init_start = .
                0x0000a054                __init_PRE_KERNEL_1_start = .
 *(SORT_BY_NAME(SORT_BY_ALIGNMENT(.z_init_PRE_KERNEL_1[0-9]_*)))
 .z_init_PRE_KERNEL_10_
                0x0000a054        0x8 zephyr/soc/arm/nordic_nrf/nrf52/libsoc__arm__nordic_nrf__nrf52.a(soc.c.obj)
 *(SORT_BY_NAME(SORT_BY_ALIGNMENT(.z_init_PRE_KERNEL_1[1-9][0-9]_*)))
 .z_init_PRE_KERNEL_130_
                0x0000a05c        0x8 zephyr/drivers/clock_control/libdrivers__clock_control.a(clock_control_nrf.c.obj)
 .z_init_PRE_KERNEL_130_
                0x0000a064        0x8 modules/segger/libmodules__segger.a(SEGGER_RTT_zephyr.c.obj)
 .z_init_PRE_KERNEL_130_
                0x0000a06c        0x8 zephyr/kernel/libkernel.a(mem_slab.c.obj)
 .z_init_PRE_KERNEL_130_
                0x0000a074        0x8 zephyr/kernel/libkernel.a(kheap.c.obj)
 .z_init_PRE_KERNEL_140_
                0x0000a07c       0x10 zephyr/drivers/gpio/libdrivers__gpio.a(gpio_nrfx.c.obj)
 .z_init_PRE_KERNEL_140_
                0x0000a08c        0x8 modules/nrf/drivers/hw_cc310/lib..__nrf__drivers__hw_cc310.a(hw_cc310.c.obj)
 .z_init_PRE_KERNEL_155_
                0x0000a094       0x10 zephyr/drivers/serial/libdrivers__serial.a(uart_nrfx_uarte.c.obj)
 .z_init_PRE_KERNEL_160_
                0x0000a0a4        0x8 zephyr/drivers/console/libdrivers__console.a(uart_console.c.obj)
                0x0000a0ac                __init_PRE_KERNEL_2_start = .
 *(SORT_BY_NAME(SORT_BY_ALIGNMENT(.z_init_PRE_KERNEL_2[0-9]_*)))
 .z_init_PRE_KERNEL_20_
                0x0000a0ac        0x8 zephyr/drivers/timer/libdrivers__timer.a(nrf_rtc_timer.c.obj)
 *(SORT_BY_NAME(SORT_BY_ALIGNMENT(.z_init_PRE_KERNEL_2[1-9][0-9]_*)))
                0x0000a0b4                __init_POST_KERNEL_start = .
 *(SORT_BY_NAME(SORT_BY_ALIGNMENT(.z_init_POST_KERNEL[0-9]_*)))
 *(SORT_BY_NAME(SORT_BY_ALIGNMENT(.z_init_POST_KERNEL[1-9][0-9]_*)))
 .z_init_POST_KERNEL40_
                0x0000a0b4        0x8 modules/nrf/drivers/hw_cc310/lib..__nrf__drivers__hw_cc310.a(hw_cc310.c.obj)
 .z_init_POST_KERNEL40_
                0x0000a0bc        0x8 zephyr/kernel/libkernel.a(system_work_q.c.obj)
 .z_init_POST_KERNEL50_
                0x0000a0c4        0x8 zephyr/drivers/adc/libdrivers__adc.a(adc_nrfx_saadc.c.obj)
 .z_init_POST_KERNEL50_
                0x0000a0cc        0x8 zephyr/drivers/pwm/libdrivers__pwm.a(pwm_nrfx.c.obj)
                0x0000a0d4                __init_APPLICATION_start = .
 *(SORT_BY_NAME(SORT_BY_ALIGNMENT(.z_init_APPLICATION[0-9]_*)))
 *(SORT_BY_NAME(SORT_BY_ALIGNMENT(.z_init_APPLICATION[1-9][0-9]_*)))
                0x0000a0d4                __init_SMP_start = .
 *(SORT_BY_NAME(SORT_BY_ALIGNMENT(.z_init_SMP[0-9]_*)))
 *(SORT_BY_NAME(SORT_BY_ALIGNMENT(.z_init_SMP[1-9][0-9]_*)))
                0x0000a0d4                __init_end = .

devices         0x0000a0d4       0xa8
                0x0000a0d4                __device_start = .
                0x0000a0d4                __device_PRE_KERNEL_1_start = .
 *(SORT_BY_NAME(SORT_BY_ALIGNMENT(.z_device_PRE_KERNEL_1[0-9]_*)))
 *(SORT_BY_NAME(SORT_BY_ALIGNMENT(.z_device_PRE_KERNEL_1[1-9][0-9]_*)))
 .z_device_PRE_KERNEL_130_
                0x0000a0d4       0x18 zephyr/drivers/clock_control/libdrivers__clock_control.a(clock_control_nrf.c.obj)
                0x0000a0d4                __device_dts_ord_27
 .z_device_PRE_KERNEL_140_
                0x0000a0ec       0x30 zephyr/drivers/gpio/libdrivers__gpio.a(gpio_nrfx.c.obj)
                0x0000a0ec                __device_dts_ord_11
                0x0000a104                __device_dts_ord_54
 .z_device_PRE_KERNEL_155_
                0x0000a11c       0x30 zephyr/drivers/serial/libdrivers__serial.a(uart_nrfx_uarte.c.obj)
                0x0000a11c                __device_dts_ord_63
                0x0000a134                __device_dts_ord_62
                0x0000a14c                __device_PRE_KERNEL_2_start = .
 *(SORT_BY_NAME(SORT_BY_ALIGNMENT(.z_device_PRE_KERNEL_2[0-9]_*)))
 *(SORT_BY_NAME(SORT_BY_ALIGNMENT(.z_device_PRE_KERNEL_2[1-9][0-9]_*)))
                0x0000a14c                __device_POST_KERNEL_start = .
 *(SORT_BY_NAME(SORT_BY_ALIGNMENT(.z_device_POST_KERNEL[0-9]_*)))
 *(SORT_BY_NAME(SORT_BY_ALIGNMENT(.z_device_POST_KERNEL[1-9][0-9]_*)))
 .z_device_POST_KERNEL50_
                0x0000a14c       0x18 zephyr/drivers/adc/libdrivers__adc.a(adc_nrfx_saadc.c.obj)
                0x0000a14c                __device_dts_ord_26
 .z_device_POST_KERNEL50_
                0x0000a164       0x18 zephyr/drivers/pwm/libdrivers__pwm.a(pwm_nrfx.c.obj)
                0x0000a164                __device_dts_ord_24
                0x0000a17c                __device_APPLICATION_start = .
 *(SORT_BY_NAME(SORT_BY_ALIGNMENT(.z_device_APPLICATION[0-9]_*)))
 *(SORT_BY_NAME(SORT_BY_ALIGNMENT(.z_device_APPLICATION[1-9][0-9]_*)))
                0x0000a17c                __device_SMP_start = .
 *(SORT_BY_NAME(SORT_BY_ALIGNMENT(.z_device_SMP[0-9]_*)))
 *(SORT_BY_NAME(SORT_BY_ALIGNMENT(.z_device_SMP[1-9][0-9]_*)))
                0x0000a17c                __device_end = .

sw_isr_table    0x0000a17c      0x180
                0x0000a17c                . = ALIGN (0x0)
 *(SORT_BY_ALIGNMENT(.gnu.linkonce.sw_isr_table*))
 .gnu.linkonce.sw_isr_table
                0x0000a17c      0x180 zephyr/arch/common/libisr_tables.a(isr_tables.c.obj)
                0x0000a17c                _sw_isr_table

initlevel_error
                0x0000a054        0x0
 *(SORT_BY_NAME(SORT_BY_ALIGNMENT(.z_init_[_A-Z0-9]*)))
                0x00000001                ASSERT ((SIZEOF (initlevel_error) == 0x0), Undefined initialization levels used.)

app_shmem_regions
                0x0000a2fc        0x0
                0x0000a2fc                __app_shmem_regions_start = .
 *(SORT_BY_NAME(SORT_BY_ALIGNMENT(.app_regions.*)))
                0x0000a2fc                __app_shmem_regions_end = .

bt_l2cap_fixed_chan_area
                0x0000a2fc        0x0
                0x0000a2fc                _bt_l2cap_fixed_chan_list_start = .
 *(SORT_BY_NAME(SORT_BY_ALIGNMENT(._bt_l2cap_fixed_chan.static.*)))
                0x0000a2fc                _bt_l2cap_fixed_chan_list_end = .

bt_gatt_service_static_area
                0x0000a2fc        0x0
                0x0000a2fc                _bt_gatt_service_static_list_start = .
 *(SORT_BY_NAME(SORT_BY_ALIGNMENT(._bt_gatt_service_static.static.*)))
                0x0000a2fc                _bt_gatt_service_static_list_end = .

k_p4wq_initparam_area
                0x0000a2fc        0x0
                0x0000a2fc                _k_p4wq_initparam_list_start = .
 *(SORT_BY_NAME(SORT_BY_ALIGNMENT(._k_p4wq_initparam.static.*)))
                0x0000a2fc                _k_p4wq_initparam_list_end = .

log_strings_sections
                0x0000a2fc        0x0
                0x0000a2fc                __log_strings_start = .
 *(SORT_BY_NAME(SORT_BY_ALIGNMENT(.log_strings*)))
                0x0000a2fc                __log_strings_end = .

log_const_sections
                0x0000a2fc        0x0
                0x0000a2fc                __log_const_start = .
 *(SORT_BY_NAME(SORT_BY_ALIGNMENT(.log_const_*)))
                0x0000a2fc                __log_const_end = .

log_backends_sections
                0x0000a2fc        0x0
                0x0000a2fc                __log_backends_start = .
 *(SORT_BY_ALIGNMENT(._log_backend.*))
                0x0000a2fc                __log_backends_end = .

shell_area      0x0000a2fc        0x0
                0x0000a2fc                _shell_list_start = .
 *(SORT_BY_NAME(SORT_BY_ALIGNMENT(._shell.static.*)))
                0x0000a2fc                _shell_list_end = .

shell_root_cmds_sections
                0x0000a2fc        0x0
                0x0000a2fc                __shell_root_cmds_start = .
 *(SORT_BY_NAME(SORT_BY_ALIGNMENT(.shell_root_cmd_*)))
                0x0000a2fc                __shell_root_cmds_end = .

font_entry_sections
                0x0000a2fc        0x0
                0x0000a2fc                __font_entry_start = .
 *(SORT_BY_NAME(SORT_BY_ALIGNMENT(._cfb_font.*)))
                0x0000a2fc                __font_entry_end = .

tracing_backend_area
                0x0000a2fc        0x0
                0x0000a2fc                _tracing_backend_list_start = .
 *(SORT_BY_NAME(SORT_BY_ALIGNMENT(._tracing_backend.static.*)))
                0x0000a2fc                _tracing_backend_list_end = .

zephyr_dbg_info
 *(SORT_BY_ALIGNMENT(.dbg_thread_info))

device_handles  0x0000a2fc       0x2a
                0x0000a2fc                __device_handles_start = .
 *(SORT_BY_NAME(SORT_BY_ALIGNMENT(.__device_handles_pass2*)))
 .__device_handles_pass2
                0x0000a2fc       0x2a zephyr/CMakeFiles/zephyr_pre1.dir/dev_handles.c.obj
                0x0000a2fc                __devicehdl_DT_N_S_soc_S_pwm_4001c000
                0x0000a302                __devicehdl_DT_N_S_soc_S_adc_40007000
                0x0000a308                __devicehdl_DT_N_S_soc_S_uart_40002000
                0x0000a30e                __devicehdl_DT_N_S_soc_S_uart_40028000
                0x0000a314                __devicehdl_DT_N_S_soc_S_gpio_50000300
                0x0000a31a                __devicehdl_DT_N_S_soc_S_gpio_50000000
                0x0000a320                __devicehdl_DT_N_S_soc_S_clock_40000000
                0x0000a326                __device_handles_end = .

rodata          0x0000a330     0x1758
 *(SORT_BY_ALIGNMENT(.rodata))
 *(SORT_BY_ALIGNMENT(.rodata.*))
 .rodata.delay_machine_code.12410
                0x0000a330        0x6 zephyr/soc/arm/nordic_nrf/nrf52/libsoc__arm__nordic_nrf__nrf52.a(soc.c.obj)
 *fill*         0x0000a336        0x2 
 .rodata.apis   0x0000a338        0x8 zephyr/libzephyr.a(nrf_cc3xx_platform_abort_zephyr.c.obj)
 .rodata.mutex_apis
                0x0000a340       0x10 zephyr/libzephyr.a(nrf_cc3xx_platform_mutex_zephyr.c.obj)
 .rodata.mutexes
                0x0000a350       0x14 zephyr/libzephyr.a(nrf_cc3xx_platform_mutex_zephyr.c.obj)
 .rodata.static_regions
                0x0000a364        0xc zephyr/arch/arch/arm/core/aarch32/mpu/libarch__arm__core__aarch32__mpu.a(arm_core_mpu.c.obj)
 .rodata.mpu_config
                0x0000a370        0x8 zephyr/soc/arm/common/cortex_m/libsoc__arm__common__cortex_m.a(arm_mpu_regions.c.obj)
                0x0000a370                mpu_config
 .rodata.mpu_regions
                0x0000a378       0x18 zephyr/soc/arm/common/cortex_m/libsoc__arm__common__cortex_m.a(arm_mpu_regions.c.obj)
 .rodata.adc_nrfx_driver_api
                0x0000a390       0x10 zephyr/drivers/adc/libdrivers__adc.a(adc_nrfx_saadc.c.obj)
 .rodata.clock_control_api
                0x0000a3a0       0x18 zephyr/drivers/clock_control/libdrivers__clock_control.a(clock_control_nrf.c.obj)
 .rodata.config
                0x0000a3b8       0x10 zephyr/drivers/clock_control/libdrivers__clock_control.a(clock_control_nrf.c.obj)
 .rodata.transitions.11168
                0x0000a3c8        0xc zephyr/drivers/clock_control/libdrivers__clock_control.a(clock_control_nrf.c.obj)
 .rodata.gpio_nrfx_drv_api_funcs
                0x0000a3d4       0x24 zephyr/drivers/gpio/libdrivers__gpio.a(gpio_nrfx.c.obj)
 .rodata.gpio_nrfx_p0_cfg
                0x0000a3f8       0x10 zephyr/drivers/gpio/libdrivers__gpio.a(gpio_nrfx.c.obj)
 .rodata.gpio_nrfx_p1_cfg
                0x0000a408       0x10 zephyr/drivers/gpio/libdrivers__gpio.a(gpio_nrfx.c.obj)
 .rodata.pwm_nrfx_0config
                0x0000a418       0x28 zephyr/drivers/pwm/libdrivers__pwm.a(pwm_nrfx.c.obj)
 .rodata.pwm_nrfx_drv_api_funcs
                0x0000a440        0x8 zephyr/drivers/pwm/libdrivers__pwm.a(pwm_nrfx.c.obj)
 .rodata.uart_nrfx_uarte_driver_api
                0x0000a448       0x14 zephyr/drivers/serial/libdrivers__serial.a(uart_nrfx_uarte.c.obj)
 .rodata.uarte_0z_config
                0x0000a45c       0x20 zephyr/drivers/serial/libdrivers__serial.a(uart_nrfx_uarte.c.obj)
 .rodata.uarte_1z_config
                0x0000a47c       0x20 zephyr/drivers/serial/libdrivers__serial.a(uart_nrfx_uarte.c.obj)
 .rodata.levels.9433
                0x0000a49c       0x14 zephyr/kernel/libkernel.a(device.c.obj)
 .rodata._k_neg_eagain
                0x0000a4b0        0x4 zephyr/kernel/libkernel.a(errno.c.obj)
                0x0000a4b0                _k_neg_eagain
 .rodata.CSWTCH.8
                0x0000a4b4       0x1c D:/toolchain/v1.9.1/nrfxlib/crypto/nrf_cc310_platform/lib/cortex-m4/soft-float/no-interrupts/libnrf_cc310_platform_0.9.13.a(nrf_cc3xx_platform.c.obj)
 .rodata.mutex_free.str1.4
                0x0000a4d0       0x26 D:/toolchain/v1.9.1/nrfxlib/crypto/nrf_cc310_platform/lib/cortex-m4/soft-float/no-interrupts/libnrf_cc310_platform_0.9.13.a(nrf_cc3xx_platform_mutex.c.obj)
 *fill*         0x0000a4f6        0x2 
 .rodata.mutex_init.str1.4
                0x0000a4f8       0x23 D:/toolchain/v1.9.1/nrfxlib/crypto/nrf_cc310_platform/lib/cortex-m4/soft-float/no-interrupts/libnrf_cc310_platform_0.9.13.a(nrf_cc3xx_platform_mutex.c.obj)
 *fill*         0x0000a51b        0x1 
 .rodata.CC_PalPowerSaveModeInit.str1.4
                0x0000a51c       0x20 D:/toolchain/v1.9.1/nrfxlib/crypto/nrf_cc310_platform/lib/cortex-m4/soft-float/no-interrupts/libnrf_cc310_platform_0.9.13.a(cc_pal_pm.c.obj)
 .rodata.my_channel_cfg
                0x0000a53c        0x8 app/libapp.a(main.c.obj)
 .rodata.thread_FILTRO_code.str1.1
                0x0000a544       0x12 app/libapp.a(main.c.obj)
 .rodata.thread_ADC_code.str1.1
                0x0000a556      0x19d app/libapp.a(main.c.obj)
 .rodata.thread_PWM_code.str1.1
                0x0000a6f3       0x42 app/libapp.a(main.c.obj)
 .rodata.cbvprintf.str1.1
                0x0000a735        0x6 zephyr/libzephyr.a(cbprintf_complete.c.obj)
 .rodata.sys_heap_free.str1.1
                0x0000a73b       0xe9 zephyr/libzephyr.a(heap.c.obj)
 .rodata.sys_heap_aligned_alloc.str1.1
                0x0000a824       0x38 zephyr/libzephyr.a(heap.c.obj)
 .rodata.sys_heap_init.str1.1
                0x0000a85c       0xbb zephyr/libzephyr.a(heap.c.obj)
 .rodata.sys_notify_finalize.str1.1
                0x0000a917       0x23 zephyr/libzephyr.a(notify.c.obj)
                                 0x42 (size before relaxing)
 .rodata.mutex_free_platform.str1.1
                0x0000a93a       0x26 zephyr/libzephyr.a(nrf_cc3xx_platform_mutex_zephyr.c.obj)
 .rodata.mutex_init_platform.str1.1
                0x0000a960       0x2d zephyr/libzephyr.a(nrf_cc3xx_platform_mutex_zephyr.c.obj)
 .rodata.process_event.str1.1
                0x0000a98d      0x122 zephyr/libzephyr.a(onoff.c.obj)
                                0x141 (size before relaxing)
 .rodata.pm_state_notify.str1.1
                0x0000aaaf       0x9c zephyr/libzephyr.a(pm.c.obj)
 .rodata.sys_reboot.str1.1
                0x0000aaaf       0x29 zephyr/libzephyr.a(reboot.c.obj)
 .rodata.z_arm_irq_priority_set.str1.1
                0x0000aad8       0x91 zephyr/arch/arch/arm/core/aarch32/libarch__arm__core__aarch32.a(irq_manage.c.obj)
                                 0xae (size before relaxing)
 .rodata.mem_manage_fault.str1.1
                0x0000ab69       0xa7 zephyr/arch/arch/arm/core/aarch32/cortex_m/libarch__arm__core__aarch32__cortex_m.a(fault.c.obj)
                                 0xc4 (size before relaxing)
 .rodata.z_arm_fault.str1.1
                0x0000ac10       0xa5 zephyr/arch/arch/arm/core/aarch32/cortex_m/libarch__arm__core__aarch32__cortex_m.a(fault.c.obj)
                                 0xa7 (size before relaxing)
 .rodata.arm_core_mpu_configure_static_mpu_regions.str1.1
                0x0000acb5       0x63 zephyr/arch/arch/arm/core/aarch32/mpu/libarch__arm__core__aarch32__mpu.a(arm_mpu.c.obj)
                                 0x82 (size before relaxing)
 .rodata.arm_core_mpu_configure_dynamic_mpu_regions.str1.1
                0x0000ad18       0x2d zephyr/arch/arch/arm/core/aarch32/mpu/libarch__arm__core__aarch32__mpu.a(arm_mpu.c.obj)
 .rodata.z_arm_mpu_init.str1.1
                0x0000ad45       0xa5 zephyr/arch/arch/arm/core/aarch32/mpu/libarch__arm__core__aarch32__mpu.a(arm_mpu.c.obj)
 .rodata.str1.1
                0x0000adea        0xf zephyr/soc/arm/common/cortex_m/libsoc__arm__common__cortex_m.a(arm_mpu_regions.c.obj)
 .rodata.CSWTCH.9
                0x0000adf9        0x6 zephyr/soc/arm/nordic_nrf/nrf52/libsoc__arm__nordic_nrf__nrf52.a(soc.c.obj)
 .rodata.str1.1
                0x0000adff        0x6 zephyr/drivers/adc/libdrivers__adc.a(adc_nrfx_saadc.c.obj)
 .rodata.get_status.str1.1
                0x0000adff       0x61 zephyr/drivers/clock_control/libdrivers__clock_control.a(clock_control_nrf.c.obj)
                                 0x7e (size before relaxing)
 .rodata.clock_event_handler.str1.1
                0x0000ae60        0x2 zephyr/drivers/clock_control/libdrivers__clock_control.a(clock_control_nrf.c.obj)
 .rodata.z_nrf_clock_control_lf_on.str1.1
                0x0000ae60        0x9 zephyr/drivers/clock_control/libdrivers__clock_control.a(clock_control_nrf.c.obj)
 .rodata.str1.1
                0x0000ae69        0x6 zephyr/drivers/clock_control/libdrivers__clock_control.a(clock_control_nrf.c.obj)
 .rodata.gpio_nrfx_manage_callback.str1.1
                0x0000ae6f       0x6e zephyr/drivers/gpio/libdrivers__gpio.a(gpio_nrfx.c.obj)
                                 0x8b (size before relaxing)
 .rodata.nrfx_gpio_handler.str1.1
                0x0000aedd        0xc zephyr/drivers/gpio/libdrivers__gpio.a(gpio_nrfx.c.obj)
 .rodata.gpio_nrfx_pin_interrupt_configure.str1.1
                0x0000aee9       0x56 zephyr/drivers/gpio/libdrivers__gpio.a(gpio_nrfx.c.obj)
                                 0x58 (size before relaxing)
 .rodata.str1.1
                0x0000af3f        0xe zephyr/drivers/gpio/libdrivers__gpio.a(gpio_nrfx.c.obj)
 .rodata.nrf_gpio_pin_port_decode.str1.1
                0x0000af4d       0x75 zephyr/drivers/pwm/libdrivers__pwm.a(pwm_nrfx.c.obj)
 .rodata.str1.1
                0x0000af4d        0x6 zephyr/drivers/pwm/libdrivers__pwm.a(pwm_nrfx.c.obj)
 .rodata.nrf_gpio_pin_port_decode.str1.1
                0x0000af4d       0x75 zephyr/drivers/serial/libdrivers__serial.a(uart_nrfx_uarte.c.obj)
 .rodata.str1.1
                0x0000af4d        0xe zephyr/drivers/serial/libdrivers__serial.a(uart_nrfx_uarte.c.obj)
 .rodata.nrf_clock_is_running.constprop.0.str1.1
                0x0000af5b       0x34 modules/hal_nordic/nrfx/libmodules__hal_nordic__nrfx.a(nrfx_clock.c.obj)
                                 0x53 (size before relaxing)
 .rodata.nrfx_clock_init.str1.1
                0x0000af8f       0x4b modules/hal_nordic/nrfx/libmodules__hal_nordic__nrfx.a(nrfx_clock.c.obj)
 .rodata.nrfx_clock_enable.str1.1
                0x0000afda       0x1e modules/hal_nordic/nrfx/libmodules__hal_nordic__nrfx.a(nrfx_clock.c.obj)
 .rodata.legacy_handler.str1.1
                0x0000aff8       0x64 modules/hal_nordic/nrfx/libmodules__hal_nordic__nrfx.a(nrfx_gpiote.c.obj)
                                 0x81 (size before relaxing)
 .rodata.release_handler.str1.1
                0x0000b05c       0x14 modules/hal_nordic/nrfx/libmodules__hal_nordic__nrfx.a(nrfx_gpiote.c.obj)
 .rodata.nrf_gpio_pin_port_decode.str1.1
                0x0000b070       0x58 modules/hal_nordic/nrfx/libmodules__hal_nordic__nrfx.a(nrfx_gpiote.c.obj)
 .rodata.nrfx_gpiote_channel_get.str1.1
                0x0000b070        0xa modules/hal_nordic/nrfx/libmodules__hal_nordic__nrfx.a(nrfx_gpiote.c.obj)
 .rodata.nrfx_gpiote_trigger_enable.str1.1
                0x0000b07a       0x20 modules/hal_nordic/nrfx/libmodules__hal_nordic__nrfx.a(nrfx_gpiote.c.obj)
 .rodata.nrf_pwm_sequence_set.str1.1
                0x0000b09a       0xcd modules/hal_nordic/nrfx/libmodules__hal_nordic__nrfx.a(nrfx_pwm.c.obj)
                                 0xea (size before relaxing)
 .rodata.nrf_gpio_pin_port_decode.str1.1
                0x0000b167       0x58 modules/hal_nordic/nrfx/libmodules__hal_nordic__nrfx.a(nrfx_pwm.c.obj)
 .rodata.nrfx_pwm_init.str1.1
                0x0000b167       0x65 modules/hal_nordic/nrfx/libmodules__hal_nordic__nrfx.a(nrfx_pwm.c.obj)
 .rodata.nrfx_pwm_uninit.str1.1
                0x0000b1cc       0x2c modules/hal_nordic/nrfx/libmodules__hal_nordic__nrfx.a(nrfx_pwm.c.obj)
 .rodata.nrfx_pwm_simple_playback.str1.1
                0x0000b1f8       0x3c modules/hal_nordic/nrfx/libmodules__hal_nordic__nrfx.a(nrfx_pwm.c.obj)
 .rodata.nrfx_pwm_stop.str1.1
                0x0000b234       0x45 modules/hal_nordic/nrfx/libmodules__hal_nordic__nrfx.a(nrfx_pwm.c.obj)
 .rodata.CSWTCH.14
                0x0000b279        0x6 modules/hal_nordic/nrfx/libmodules__hal_nordic__nrfx.a(system_nrf52840.c.obj)
 .rodata.CSWTCH.5
                0x0000b27f        0x6 modules/hal_nordic/nrfx/libmodules__hal_nordic__nrfx.a(system_nrf52840.c.obj)
 .rodata._DoInit.str1.1
                0x0000b285       0x14 modules/segger/libmodules__segger.a(SEGGER_RTT.c.obj)
 .rodata.z_fatal_error.str1.1
                0x0000b299       0x74 zephyr/kernel/libkernel.a(fatal.c.obj)
                                 0x91 (size before relaxing)
 .rodata.idle.str1.1
                0x0000b30d       0x49 zephyr/kernel/libkernel.a(idle.c.obj)
                                 0x66 (size before relaxing)
 .rodata.z_cstart.str1.1
                0x0000b356        0x5 zephyr/kernel/libkernel.a(init.c.obj)
 .rodata.init_mem_slab_module.str1.1
                0x0000b35b       0x61 zephyr/kernel/libkernel.a(mem_slab.c.obj)
                                 0x7e (size before relaxing)
 .rodata.k_mem_slab_alloc.str1.1
                0x0000b3bc       0x7f zephyr/kernel/libkernel.a(mem_slab.c.obj)
 .rodata.z_impl_k_mutex_lock.str1.1
                0x0000b3bc       0x59 zephyr/kernel/libkernel.a(mutex.c.obj)
                                 0xf5 (size before relaxing)
 .rodata.z_impl_k_mutex_unlock.str1.1
                0x0000b415       0x76 zephyr/kernel/libkernel.a(mutex.c.obj)
 .rodata.clear_event_registrations.str1.1
                0x0000b48b       0xfb zephyr/kernel/libkernel.a(poll.c.obj)
                                0x199 (size before relaxing)
 .rodata.signal_poll_event.str1.1
                0x0000b586       0x35 zephyr/kernel/libkernel.a(poll.c.obj)
 .rodata.queue_insert.str1.1
                0x0000b5bb       0x9c zephyr/kernel/libkernel.a(queue.c.obj)
 .rodata.k_sched_time_slice_set.str1.1
                0x0000b5bb       0x9c zephyr/kernel/libkernel.a(sched.c.obj)
 .rodata.k_sched_lock.str1.1
                0x0000b5bb       0x71 zephyr/kernel/libkernel.a(sched.c.obj)
 .rodata.z_priq_dumb_remove.str1.1
                0x0000b5bb       0x43 zephyr/kernel/libkernel.a(sched.c.obj)
 .rodata.unpend_thread_no_timeout.str1.1
                0x0000b5fe       0x17 zephyr/kernel/libkernel.a(sched.c.obj)
 .rodata.update_cache.str1.1
                0x0000b615       0x27 zephyr/kernel/libkernel.a(sched.c.obj)
 .rodata.k_sched_unlock.str1.1
                0x0000b63c       0x31 zephyr/kernel/libkernel.a(sched.c.obj)
 .rodata.z_tick_sleep.str1.1
                0x0000b66d       0x40 zephyr/kernel/libkernel.a(sched.c.obj)
 .rodata.z_thread_abort.str1.1
                0x0000b6ad       0x22 zephyr/kernel/libkernel.a(sched.c.obj)
                                 0x24 (size before relaxing)
 .rodata.z_impl_k_sem_give.str1.1
                0x0000b6cf       0x70 zephyr/kernel/libkernel.a(sem.c.obj)
 .rodata.z_impl_k_sem_take.str1.1
                0x0000b6cf       0x6d zephyr/kernel/libkernel.a(sem.c.obj)
                                 0x9c (size before relaxing)
 .rodata.k_sys_work_q_init.str1.1
                0x0000b73c        0x9 zephyr/kernel/libkernel.a(system_work_q.c.obj)
 .rodata.z_setup_new_thread.str1.1
                0x0000b745       0xd4 zephyr/kernel/libkernel.a(thread.c.obj)
                                 0xf1 (size before relaxing)
 .rodata.z_impl_k_thread_create.str1.1
                0x0000b819       0x25 zephyr/kernel/libkernel.a(thread.c.obj)
                                 0x37 (size before relaxing)
 .rodata.z_init_static_threads.str1.1
                0x0000b83e       0x2d zephyr/kernel/libkernel.a(thread.c.obj)
                                 0x4c (size before relaxing)
 .rodata.z_add_timeout.str1.1
                0x0000b86b       0x44 zephyr/kernel/libkernel.a(timeout.c.obj)
                                 0xe3 (size before relaxing)
 .rodata.z_timer_expiration_handler.str1.1
                0x0000b8af       0x9c zephyr/kernel/libkernel.a(timer.c.obj)
 .rodata.work_queue_main.str1.1
                0x0000b8af       0x38 zephyr/kernel/libkernel.a(work.c.obj)
                                 0xd4 (size before relaxing)
 .rodata.submit_to_queue_locked.str1.1
                0x0000b8e7       0x1b zephyr/kernel/libkernel.a(work.c.obj)
 .rodata.k_work_init.str1.1
                0x0000b902       0x14 zephyr/kernel/libkernel.a(work.c.obj)
 .rodata.k_work_queue_start.str1.1
                0x0000b916       0x40 zephyr/kernel/libkernel.a(work.c.obj)
 .rodata.boot_banner.str1.1
                0x0000b956       0x36 zephyr/kernel/libkernel.a(banner.c.obj)
                                 0x37 (size before relaxing)
 .rodata.z_heap_aligned_alloc.str1.1
                0x0000b98c       0x7e zephyr/kernel/libkernel.a(mempool.c.obj)
                                 0x9b (size before relaxing)
 .rodata.statics_init.str1.1
                0x0000ba0a       0x38 zephyr/kernel/libkernel.a(kheap.c.obj)
                                 0x74 (size before relaxing)
 .rodata.k_heap_aligned_alloc.str1.1
                0x0000ba42       0x45 zephyr/kernel/libkernel.a(kheap.c.obj)
                                 0xc7 (size before relaxing)
 *(SORT_BY_ALIGNMENT(.gnu.linkonce.r.*))
                0x0000ba88                . = ALIGN (0x4)
 *fill*         0x0000ba87        0x1 
                0x0000ba88                __rodata_region_end = .
                0x0000baa0                . = ALIGN (_region_min_align)
                0x00010000                . = ALIGN ((0x1 << ((__rodata_region_end - __rom_region_start) <= 0x4)?0x2:((__rodata_region_end - __rom_region_start) <= 0x8)?0x3:((__rodata_region_end - __rom_region_start) <= 0x10)?0x4:((__rodata_region_end - __rom_region_start) <= 0x20)?0x5:((__rodata_region_end - __rom_region_start) <= 0x40)?0x6:((__rodata_region_end - __rom_region_start) <= 0x80)?0x7:((__rodata_region_end - __rom_region_start) <= 0x100)?0x8:((__rodata_region_end - __rom_region_start) <= 0x200)?0x9:((__rodata_region_end - __rom_region_start) <= 0x400)?0xa:((__rodata_region_end - __rom_region_start) <= 0x800)?0xb:((__rodata_region_end - __rom_region_start) <= 0x1000)?0xc:((__rodata_region_end - __rom_region_start) <= 0x2000)?0xd:((__rodata_region_end - __rom_region_start) <= 0x4000)?0xe:((__rodata_region_end - __rom_region_start) <= 0x8000)?0xf:((__rodata_region_end - __rom_region_start) <= 0x10000)?0x10:((__rodata_region_end - __rom_region_start) <= 0x20000)?0x11:((__rodata_region_end - __rom_region_start) <= 0x40000)?0x12:((__rodata_region_end - __rom_region_start) <= 0x80000)?0x13:((__rodata_region_end - __rom_region_start) <= 0x100000)?0x14:((__rodata_region_end - __rom_region_start) <= 0x200000)?0x15:((__rodata_region_end - __rom_region_start) <= 0x400000)?0x16:((__rodata_region_end - __rom_region_start) <= 0x800000)?0x17:((__rodata_region_end - __rom_region_start) <= 0x1000000)?0x18:((__rodata_region_end - __rom_region_start) <= 0x2000000)?0x19:((__rodata_region_end - __rom_region_start) <= 0x4000000)?0x1a:((__rodata_region_end - __rom_region_start) <= 0x8000000)?0x1b:((__rodata_region_end - __rom_region_start) <= 0x10000000)?0x1c:((__rodata_region_end - __rom_region_start) <= 0x20000000)?0x1d:((__rodata_region_end - __rom_region_start) <= 0x40000000)?0x1e:((__rodata_region_end - __rom_region_start) <= 0x80000000)?0x1f:0x20))
                0x00010000                __rom_region_end = .
                0x20000000                . = 0x20000000
                0x20000000                . = ALIGN (_region_min_align)
                0x20000000                _image_ram_start = .

.ramfunc        0x20000000        0x0 load address 0x0000ba88
                0x20000000                . = ALIGN (_region_min_align)
                0x20000000                . = ALIGN ((0x1 << (__ramfunc_size <= 0x4)?0x2:(__ramfunc_size <= 0x8)?0x3:(__ramfunc_size <= 0x10)?0x4:(__ramfunc_size <= 0x20)?0x5:(__ramfunc_size <= 0x40)?0x6:(__ramfunc_size <= 0x80)?0x7:(__ramfunc_size <= 0x100)?0x8:(__ramfunc_size <= 0x200)?0x9:(__ramfunc_size <= 0x400)?0xa:(__ramfunc_size <= 0x800)?0xb:(__ramfunc_size <= 0x1000)?0xc:(__ramfunc_size <= 0x2000)?0xd:(__ramfunc_size <= 0x4000)?0xe:(__ramfunc_size <= 0x8000)?0xf:(__ramfunc_size <= 0x10000)?0x10:(__ramfunc_size <= 0x20000)?0x11:(__ramfunc_size <= 0x40000)?0x12:(__ramfunc_size <= 0x80000)?0x13:(__ramfunc_size <= 0x100000)?0x14:(__ramfunc_size <= 0x200000)?0x15:(__ramfunc_size <= 0x400000)?0x16:(__ramfunc_size <= 0x800000)?0x17:(__ramfunc_size <= 0x1000000)?0x18:(__ramfunc_size <= 0x2000000)?0x19:(__ramfunc_size <= 0x4000000)?0x1a:(__ramfunc_size <= 0x8000000)?0x1b:(__ramfunc_size <= 0x10000000)?0x1c:(__ramfunc_size <= 0x20000000)?0x1d:(__ramfunc_size <= 0x40000000)?0x1e:(__ramfunc_size <= 0x80000000)?0x1f:0x20))
                0x20000000                __ramfunc_start = .
 *(SORT_BY_ALIGNMENT(.ramfunc))
 *(SORT_BY_ALIGNMENT(.ramfunc.*))
                0x20000000                . = ALIGN (_region_min_align)